--------- beginning of /dev/log/main
D/DeviceListActivity(18417): Refreshing device list ...
I/endeffect(18417): AbsListView.onMeasure(), getWidth()=1080, getHeight()=0, this=android.widget.ListView{422ca878 V.ED.VC. ......I. 0,317-1080,317 #7f060004 app:id/deviceList}
I/endeffect(18417): AbsListView.onMeasure(), getWidth()=1080, getHeight()=0, this=android.widget.ListView{422ca878 V.ED.VC. ......I. 0,317-1080,317 #7f060004 app:id/deviceList}
D/AbsListView(18417): unregisterIRListener() is called 
I/endeffect(18417): AbsListView.onLayout(), getWidth()=1080, getHeight()=0, this=android.widget.ListView{422ca878 V.ED.VC. ......ID 0,317-1080,317 #7f060004 app:id/deviceList}
D/DeviceListActivity(18417): Done refreshing, 0 entries found.
I/endeffect(18417): AbsListView.onMeasure(), getWidth()=1080, getHeight()=0, this=android.widget.ListView{422ca878 V.ED.VC. ......I. 0,317-1080,317 #7f060004 app:id/deviceList}
I/endeffect(18417): AbsListView.onMeasure(), getWidth()=1080, getHeight()=0, this=android.widget.ListView{422ca878 V.ED.VC. ......I. 0,317-1080,317 #7f060004 app:id/deviceList}
D/AbsListView(18417): unregisterIRListener() is called 
I/endeffect(18417): AbsListView.onLayout(), getWidth()=1080, getHeight()=0, this=android.widget.ListView{422ca878 V.ED.VC. ......ID 0,317-1080,317 #7f060004 app:id/deviceList}
--------- beginning of /dev/log/system
D/BatteryService( 3199): update start
D/BatteryService( 3199): level:98, scale:100, status:2, health:2, present:true, voltage: 4311, temperature: 317, technology: Li-ion, AC powered:false, USB powered:true, Wireless powered:false, icon:17303319, invalid charger:0, online:4, charge type:1, current avg:460
D/BatteryService( 3199): Sending ACTION_BATTERY_CHANGED.
D/STATUSBAR-BatteryController( 3371): onReceive() - ACTION_BATTERY_CHANGED
D/STATUSBAR-BatteryController( 3371): onReceive() - BATTERY_STATUS_CHARGING:
D/STATUSBAR-PhoneStatusBar( 3371): NORMAL_BATTERY
D/DeviceListActivity(18417): Refreshing device list ...
I/endeffect(18417): AbsListView.onMeasure(), getWidth()=1080, getHeight()=0, this=android.widget.ListView{422ca878 V.ED.VC. ......I. 0,317-1080,317 #7f060004 app:id/deviceList}
I/endeffect(18417): AbsListView.onMeasure(), getWidth()=1080, getHeight()=0, this=android.widget.ListView{422ca878 V.ED.VC. ......I. 0,317-1080,317 #7f060004 app:id/deviceList}
D/AbsListView(18417): unregisterIRListener() is called 
I/endeffect(18417): AbsListView.onLayout(), getWidth()=1080, getHeight()=0, this=android.widget.ListView{422ca878 V.ED.VC. ......ID 0,317-1080,317 #7f060004 app:id/deviceList}
D/AndroidRuntime(18791): 
D/AndroidRuntime(18791): >>>>>> AndroidRuntime START com.android.internal.os.RuntimeInit <<<<<<
D/AndroidRuntime(18791): CheckJNI is OFF
D/AndroidRuntime(18791): setted country_code = KOREA
D/AndroidRuntime(18791): setted countryiso_code = WW
D/AndroidRuntime(18791): setted sales_code = SKT
D/AndroidRuntime(18791): readGMSProperty: start
D/AndroidRuntime(18791): readGMSProperty: already setted!!
D/AndroidRuntime(18791): readGMSProperty: end
D/AndroidRuntime(18791): addProductProperty: start
D/dalvikvm(18791): Trying to load lib libjavacore.so 0x0
D/dalvikvm(18791): Added shared lib libjavacore.so 0x0
D/dalvikvm(18791): Trying to load lib libnativehelper.so 0x0
D/dalvikvm(18791): Added shared lib libnativehelper.so 0x0
D/dalvikvm(18791): Note: class Landroid/app/ActivityManagerNative; has 169 unimplemented (abstract) methods
D/AndroidRuntime(18791): Calling main entry com.android.commands.pm.Pm
W/LicenseLogService( 3199): log() is called by non admin
I/LSS-II: ( 3199): proc cancel wait in:com.android.defcontainer,adj=0LRU num=65,i=52
I/HarmonyEASService( 3199): Updating for all 1
I/PackageManager( 3199): Copying native libraries to /data/app-lib/vmdl238243804
D/ApplicationPolicy( 3199): isApplicationInstallationEnabled
I/PackageManager( 3199): Removing non-system package:com.icsl.serialtest
W/LicenseLogService( 3199): log() is called by non admin
W/PackageManager( 3199): verifying app can be installed or not
I/ActivityManager( 3199): Killing proc 18417:com.icsl.serialtest/u0a10222: force stop com.icsl.serialtest
W/ContextImpl( 3199): Calling a method in the system process without a qualified user: android.app.ContextImpl.sendBroadcast:1323 com.android.server.am.ActivityManagerService.cleanUpApplicationRecordLocked:12306 com.android.server.am.ActivityManagerService.handleAppDiedLocked:3528 com.android.server.am.ActivityManagerService.removeProcessLocked:4733 com.android.server.am.ActivityManagerService.killPackageProcessesLocked:4511 
W/PackageManager( 3199): SELinuxMMAC.assignSeinfoValue
D/PointerIcon( 3199): setHoveringSpenIconStyle1 pointerType: 10001iconType:1 flag:0
D/PointerIcon( 3199): setHoveringSpenCustomIcon IconType is same.1
W/ActivityManager( 3199): Force removing ActivityRecord{44459268 u0 com.icsl.serialtest/.DeviceListActivity}: app died, no saved state
I/PackageManager( 3199): Package com.icsl.serialtest codePath changed from /data/app/com.icsl.serialtest-2.apk to /data/app/com.icsl.serialtest-1.apk; Retaining data and using new
W/ContextImpl( 3199): Calling a method in the system process without a qualified user: android.app.ContextImpl.sendBroadcast:1323 com.android.internal.policy.impl.PhoneWindowManager.notifyToSSRM:4698 com.android.internal.policy.impl.PhoneWindowManager.access$200:224 com.android.internal.policy.impl.PhoneWindowManager$PolicyHandler.handleMessage:646 android.os.Handler.dispatchMessage:99 
E/installd( 2464): ECS_ECS: * do_linklib  pkg [com.icsl.serialtest]
E/installd( 2464): ECS_ECS: do_linklib Normal package
I/CustomFrequencyManager( 3199): newFrequencyRequest  - mFrequency = 1200000, mTimeoutMs = -1, mPkgName = ACTIVITY_RESUME_BOOSTER@3
I/CustomFrequencyManager( 3199): Boost Request from package = ACTIVITY_RESUME_BOOSTER@3 frequency : 1200000type = 6
I/CustomFrequencyManager( 3199): !! pkgName = ACTIVITY_RESUME_BOOSTER@3
I/CustomFrequencyManager( 3199): Request from package name pkgName = ACTIVITY_RESUME_BOOSTER@3
I/CustomFrequencyManager( 3199): mContext is Not Null  mContext.pkgName = android
I/CustomFrequencyManager( 3199): 2 Old token will be reused!
I/CustomFrequencyManager( 3199): CPUDVFSControlRequest : doFrequencyRequest::  = 1200000 Timeout : -1
E/installd( 2464): ECS_ECS: Restting the data Path to -data-  ret [0]
I/power   ( 3199): *** acquire_dvfs_lock : lockType : 1  freq : 1200000 
E/installd( 2464): ECS_ECS: * do_dexopt  pkg [/data/app/com.icsl.serialtest-1.apk]
E/installd( 2464): ECS_ECS: do_dexopt Normal package
I/CustomFrequencyManager( 3199): newFrequencyRequest  - mFrequency = 266, mTimeoutMs = -1, mPkgName = ACTIVITY_RESUME_BOOSTER@4
I/CustomFrequencyManager( 3199): Boost Request from package = ACTIVITY_RESUME_BOOSTER@4 frequency : 266type = 1
I/CustomFrequencyManager( 3199): !! pkgName = ACTIVITY_RESUME_BOOSTER@4
I/CustomFrequencyManager( 3199): Request from package name pkgName = ACTIVITY_RESUME_BOOSTER@4
I/CustomFrequencyManager( 3199): mContext is Not Null  mContext.pkgName = android
I/CustomFrequencyManager( 3199): 2 Old token will be reused!
I/CustomFrequencyManager( 3199): GPU : doFrequencyRequest::  = 266 Timeout : -1
I/CustomFrequencyManager( 3199): GPU : doFrequencyRequest::  = 266 Timeout : -1
D/CustomFrequencyManagerService( 3199): acquireDVFSLockLocked : type : DVFS_MIN_LIMIT  frequency : 1200000  uid : 1000  pid : 3199  pkgName : ACTIVITY_RESUME_BOOSTER@3
W/ActivityManager( 3199): mDVFSHelper.acquire()
W/ContextImpl( 3199): Calling a method in the system process without a qualified user: android.app.ContextImpl.sendBroadcast:1323 com.android.server.am.ActivityManagerService.computeOomAdjLocked:14816 com.android.server.am.ActivityManagerService.computeOomAdjLocked:14476 com.android.server.am.ActivityManagerService.updateOomAdjLocked:15107 com.android.server.am.ActivityManagerService.updateOomAdjLocked:15299 
V/WindowOrientationListener( 3199): mSContextAutoRotationListener.getProposedRotation, mbResultFaceDectection: false
V/WindowOrientationListener( 3199): mSContextAutoRotationListener.getProposedRotation, Rotation: 0
V/WindowOrientationListener( 3199): mSContextAutoRotationListener.getProposedRotation, mbResultFaceDectection: false
V/WindowOrientationListener( 3199): mSContextAutoRotationListener.getProposedRotation, Rotation: 0
W/ContextImpl( 3199): Calling a method in the system process without a qualified user: android.app.ContextImpl.sendBroadcast:1323 com.android.server.am.ActivityManagerService.computeOomAdjLocked:14822 com.android.server.am.ActivityManagerService.computeOomAdjLocked:14476 com.android.server.am.ActivityManagerService.updateOomAdjLocked:15107 com.android.server.am.ActivityManagerService.updateOomAdjLocked:15299 
V/WindowManager( 3199): rotationForOrientationLw(orient=1, last=0); user=0 USER_ROTATION_LOCKED sensorRotation=0 isCoverOpen=true mLidState=-1 mDockMode=0 mHdmiPlugged=false mAccelerometerDefault=false
V/WindowManager( 3199): Application requested orientation 1, got rotation 0 which has compatible metrics
D/Launcher( 3513): onRestart, Launcher: 1110880176
D/Launcher( 3513): onStart, Launcher: 1110880176
D/Launcher.HomeView( 3513): onStart
D/WindowManager( 3199): computeScreenConfigurationLocked() set config.orientation=1 dw=1080 dh=1920 Callers=com.android.server.wm.WindowManagerService.updateOrientationFromAppTokensLocked:5124 com.android.server.wm.WindowManagerService.updateOrientationFromAppTokens:5093 com.android.server.am.ActivityStack.resumeTopActivityLocked:2558 
D/PowerManagerService( 3199): setKeyboardVisibility: false
W/ContextImpl( 3199): Calling a method in the system process without a qualified user: android.app.ContextImpl.sendBroadcast:1337 com.android.server.am.ActivityStack.resumeTopActivityLocked:2622 com.android.server.am.ActivityStack.resumeTopActivityLocked:2169 com.android.server.am.ActivityStack.resumeTopActivityLocked:2155 com.android.server.am.ActivityManagerService.forceStopPackageLocked:4702 
D/Launcher( 3513): onResume, Launcher: 1110880176
D/Launcher.HomeView( 3513): onResume
I/HarmonyEASService( 3199): Updating for all 1
V/SmartFaceService - 3rd party pause( 3199): onReceive [android.intent.action.ACTIVITY_STATE/com.sec.android.app.launcher/resume]
W/InputDispatcher( 3199): channel ~ Consumer closed input channel or an error occurred.  events=0x9
E/InputDispatcher( 3199): channel ~ Channel is unrecoverably broken and will be disposed!
D/dalvikvm(18804): DexOpt: 'Landroid/annotation/SuppressLint;' has an earlier definition; blocking out
D/dalvikvm(18804): DexOpt: 'Landroid/annotation/TargetApi;' has an earlier definition; blocking out
D/dalvikvm(18804): DexOpt: not verifying/optimizing 'Landroid/annotation/SuppressLint;': multiple definitions
D/dalvikvm(18804): DexOpt: not verifying/optimizing 'Landroid/annotation/TargetApi;': multiple definitions
I/LSS-II: ( 3199): proc in:com.sec.android.widgetapp.programmonitorwidget,adj=13LRU num=64,i=31
W/InputDispatcher( 3199): Attempted to unregister already unregistered input channel
I/SurfaceFlinger( 2459): id=619 Removed EeviceListA (1/4)
I/SurfaceFlinger( 2459): id=619 Removed EeviceListA (-2/4)
D/MenuAppsGridFragment( 3513): onResume
I/SurfaceFlinger( 2459): id=621(95) createSurf 0x402fbfb4 (1080x1920),1 flag=4, Mauncher
D/STATUSBAR-StatusBarManagerService( 3199): manageDisableList what=0x0 pkg=WindowManager.LayoutParams
D/PointerIcon( 3199): setHoveringSpenIconStyle1 pointerType: 10001iconType:1 flag:0
D/PointerIcon( 3199): setHoveringSpenCustomIcon IconType is same.1
D/dalvikvm(18804): DexOpt: load 8ms, verify+opt 48ms, 367596 bytes
E/installd( 2464): ECS_ECS: Restting the data Path to -data-  ret [0]
W/PackageManager( 3199): Code path for pkg : com.icsl.serialtest changing from /data/app/com.icsl.serialtest-2.apk to /data/app/com.icsl.serialtest-1.apk
W/PackageManager( 3199): Resource path for pkg : com.icsl.serialtest changing from /data/app/com.icsl.serialtest-2.apk to /data/app/com.icsl.serialtest-1.apk
I/LSS-II: ( 3199): proc in:com.sec.android.app.controlpanel,adj=13LRU num=64,i=31
W/InputMethodManagerService( 3199): Got RemoteException sending setActive(false) notification to pid 18417 uid 10222
W/ContextImpl( 3199): Calling a method in the system process without a qualified user: android.app.ContextImpl.sendBroadcast:1323 com.android.server.InputMethodManagerService$5.run:2252 java.lang.Thread.run:856 <bottom of call stack> <bottom of call stack> 
E/installd( 2464): ECS_ECS: * do_move_dex  pkg [/data/app/com.icsl.serialtest-1.apk]
E/installd( 2464): ECS_ECS: do_move_dex Normal package
E/installd( 2464): ECS_ECS: Restting the data Path to -data-  ret [0]
V/WindowManager( 3199): Window{422f1780 u0 Keyguard}mOrientationRequetedFromKeyguard=false
I/LSS-II: ( 3199): proc out:com.sec.android.widgetapp.dualclockdigital,adj=0,i=63
D/dalvikvm( 3638): GC_EXPLICIT freed 251K, 9% free 17146K/18640K, paused 3ms+6ms, total 40ms
D/dalvikvm( 3371): GC_EXPLICIT freed 1161K, 49% free 22295K/43476K, paused 5ms+20ms, total 66ms
D/ContainerEventsRelayManager( 3480): <<< Intent action is >>> : android.intent.action.PACKAGE_REMOVED
D/ContainerEventsRelayManager( 3480): <<< Intent data is   >>> : package:com.icsl.serialtest
I/InputReader( 3199): Reconfiguring input devices.  changes=0x00000010
I/HarmonyEASService( 3199): onReceive : android.intent.action.PACKAGE_REMOVED for 0
I/LSS-II: ( 3199): proc out:com.sec.android.widgetapp.easyfavoritescontactswidget,adj=0,i=62
I/LSS-II: ( 3199): proc wait in:com.sec.android.service.health.sensor,adj=11LRU num=64,i=36
I/LSS-II: ( 3199): proc in:com.wssnps,adj=11LRU num=64,i=31
I/power   ( 3199): *** release_dvfs_lock : lockType : 1 
D/CustomFrequencyManagerService( 3199): releaseDVFSLockLocked : Getting Lock type frm List : DVFS_MIN_LIMIT  frequency : 1200000  uid : 1000  pid : 3199  tag : ACTIVITY_RESUME_BOOSTER@3
W/ActivityManager( 3199): mDVFSHelper.release()
D/ContainerEventsRelayManager( 3480): <<< Intent action is >>> : android.intent.action.PACKAGE_ADDED
D/ContainerEventsRelayManager( 3480): <<< Intent data is   >>> : package:com.icsl.serialtest
I/InputReader( 3199): Reconfiguring input devices.  changes=0x00000010
V/TaskCloserActivity( 3706): TaskCloserActivity onReceive() - com.sec.android.intent.action.HOME_RESUME
D/dalvikvm( 3513): GC_FOR_ALLOC freed 2962K, 16% free 27253K/32228K, paused 19ms, total 19ms
W/InputMethodManagerService( 3199): Found no subtypes in a system IME: com.sec.android.inputmethod
I/LSS-II: ( 3199): proc out:com.sec.android.app.controlpanel,adj=0,i=62
D/dalvikvm( 3199): GC_EXPLICIT freed 4913K, 18% free 59745K/72352K, paused 4ms+12ms, total 128ms
I/LSS-II: ( 3199): proc out:com.sec.android.widgetapp.programmonitorwidget,adj=0,i=61
I/LSS-II: ( 3199): proc wait in:com.android.chrome,adj=11LRU num=64,i=35
I/LSS-II: ( 3199): proc in:com.sec.factory,adj=11LRU num=64,i=31
D/ECS_EnterpriseContainerService( 3199): <<< Intent action is >>> : android.intent.action.PACKAGE_ADDED
D/ECS_EnterpriseContainerService( 3199): <<< Intent data is   >>> : package:com.icsl.serialtest
I/ECS_EnterpriseContainerService( 3199): Inside package added listener
I/LSS-II: ( 3199): proc in:com.sec.android.Kies,adj=11LRU num=64,i=30
D/ECS_EnterpriseContainerService( 3199): <<< Intent action is >>> : android.intent.action.PACKAGE_REPLACED
D/ECS_EnterpriseContainerService( 3199): <<< Intent data is   >>> : package:com.icsl.serialtest
I/ECS_EnterpriseContainerService( 3199): Inside package added listener
D/ContainerEventsRelayManager( 3480): <<< Intent action is >>> : android.intent.action.PACKAGE_REPLACED
D/ContainerEventsRelayManager( 3480): <<< Intent data is   >>> : package:com.icsl.serialtest
D/dalvikvm( 3848): GC_CONCURRENT freed 436K, 18% free 17335K/21020K, paused 1ms+2ms, total 15ms
I/LSS-II: ( 3199): proc in:com.sec.android.gallery3d,adj=11LRU num=64,i=30
I/LSS-II: ( 3199): proc in:com.sec.android.app.music:service,adj=11LRU num=64,i=29
D/Mms/UIEventReceiver( 4035): ui event
I/CrashAnrDetector( 3199): onPackageUpdateFinished : com.icsl.serialtest
D/dalvikvm( 3199): GC_EXPLICIT freed 1282K, 18% free 59559K/72352K, paused 8ms+12ms, total 144ms
I/LSS-II: ( 3199): proc out:com.sec.android.SimpleWidget,adj=0,i=63
D/AndroidRuntime(18791): Shutting down VM
D/dalvikvm(18791): GC_CONCURRENT freed 93K, 14% free 627K/724K, paused 0ms+0ms, total 3ms
I/elm     ( 4126): MainReceiver.onReceive() : android.intent.action.PACKAGE_REMOVED
I/LSS-II: ( 3199): proc wait in:com.sec.android.app.tmserver,adj=11LRU num=64,i=35
D/elm     ( 4126): MainReceiver.listeningToPackageRemoved()
D/elm     ( 4126): MainReceiver.listeningToPackageRemoved(). PACKAGE getAction:android.intent.action.PACKAGE_REMOVED, getData:package:com.icsl.serialtest, getSchemeSpecificPart:com.icsl.serialtest
D/elm     ( 4126): MDMBridge.getInstance()
D/elm     ( 4126): MDMBridge.getAllLicenseInfoFromSDK()
I/elm     ( 4126): MainReceiver.onReceive() END - - - - - : android.intent.action.PACKAGE_REMOVED
D/elm     ( 4126): ElmAgentService : onStartCommand()
D/elm     ( 4126): ElmAgentService : onStartCommand() : intent is not null
D/CapabilityManagerService( 4141): Receiver Broadcast:android.intent.action.PACKAGE_REMOVED
D/CapabilityManagerService( 4141): The package(com.icsl.serialtest) updated
D/dalvikvm( 3848): GC_CONCURRENT freed 432K, 18% free 17333K/21020K, paused 2ms+2ms, total 16ms
I/LSS-II: ( 3199): proc out:com.sec.android.service.cm,adj=0,i=62
I/LSS-II: ( 3199): proc wait in:com.android.settings,adj=11LRU num=64,i=34
W/ContextImpl( 4155): Calling a method in the system process without a qualified user: android.app.ContextImpl.startService:1643 android.content.ContextWrapper.startService:457 android.content.ContextWrapper.startService:457 com.samsung.android.app.filterinstaller.PackageIntentReceiver.onReceive:41 android.app.ActivityThread.handleReceiver:2442 
W/ContextImpl( 4175): Calling a method in the system process without a qualified user: android.app.ContextImpl.startService:1643 android.content.ContextWrapper.startService:457 android.content.ContextWrapper.startService:457 com.android.keychain.KeyChainBroadcastReceiver.onReceive:12 android.app.ActivityThread.handleReceiver:2442 
I/LSS-II: ( 3199): proc out:com.android.keychain,adj=0,i=62
I/LSS-II: ( 3199): proc wait in:com.sec.android.widgetapp.easyfavoritescontactswidget,adj=11LRU num=64,i=37
I/LSS-II: ( 3199): proc out:com.android.musicfx,adj=0,i=62
I/LSS-II: ( 3199): proc wait in:com.sec.android.widgetapp.programmonitorwidget,adj=11LRU num=64,i=37
I/OneTouchReportReceiver( 4219): OneTouchReportReceiver : onReceive = Intent { act=android.intent.action.PACKAGE_REMOVED dat=package:com.icsl.serialtest flg=0x8000010 cmp=com.sec.ontouchreport/.OneTouchReportReceiver (has extras) }
I/OneTouchReportReceiver( 4219): PACKAGE_REMOVED_ACTION received!!. but it is replacing intent
I/LSS-II: ( 3199): proc out:com.sec.ontouchreport,adj=0,i=62
W/LicenseLogService( 3199): log() is called by non admin
W/LicenseLogService( 3199): log() is called by non admin
I/PCWCLIENTTRACE_SPPReceiver( 4235): [onReceive] - android.intent.action.PACKAGE_REMOVED
I/LSS-II: ( 3199): proc out:com.sec.pcw.device,adj=0,i=62
I/LSS-II: ( 3199): proc wait in:com.sec.android.widgetapp.dualclockdigital,adj=11LRU num=64,i=36
I/LSS-II: ( 3199): proc wait in:com.sec.android.SimpleWidget,adj=11LRU num=64,i=40
I/LSS-II: ( 3199): proc wait in:com.sec.android.service.cm,adj=11LRU num=64,i=41
I/LSS-II: ( 3199): proc out:com.sec.android.gallery3d,adj=0,i=63
I/LSS-II: ( 3199): proc cancel wait in:com.android.settings,adj=0LRU num=64,i=63
I/LSS-II: ( 3199): proc cancel wait in:com.sec.android.SimpleWidget,adj=0LRU num=64,i=60
I/LSS-II: ( 3199): proc wait in:com.android.keychain,adj=11LRU num=64,i=39
I/LSS-II: ( 3199): proc out:com.google.android.googlequicksearchbox,adj=0,i=63
I/LSS-II: ( 3199): proc wait in:com.android.musicfx,adj=11LRU num=64,i=39
I/HomeSyncInstallReceiver( 3848): Package Added : Intent { act=android.intent.action.PACKAGE_ADDED dat=package:com.icsl.serialtest flg=0x8000010 cmp=com.android.nfc/.HomeSyncInstallReceiver (has extras) }
I/HomeSyncInstallReceiver( 3848): Package Added : com.icsl.serialtest
I/LSS-II: ( 3199): proc wait in:com.sec.ontouchreport,adj=11LRU num=64,i=38
D/[FileShare][Server]( 4284): ServerBroadcastReceiver : onReceive: android.intent.action.PACKAGE_ADDED // package:com.icsl.serialtest
I/LSS-II: ( 3199): proc out:com.sec.android.app.FileShareServer,adj=0,i=63
D/CapabilityManagerService( 4141): Receiver Broadcast:android.intent.action.PACKAGE_ADDED
I/LSS-II: ( 3199): proc cancel wait in:com.sec.android.service.cm,adj=0LRU num=64,i=63
I/LSS-II: ( 3199): proc wait in:com.sec.pcw.device,adj=11LRU num=64,i=37
W/ContextImpl( 4155): Calling a method in the system process without a qualified user: android.app.ContextImpl.startService:1643 android.content.ContextWrapper.startService:457 android.content.ContextWrapper.startService:457 com.samsung.android.app.filterinstaller.PackageIntentReceiver.onReceive:41 android.app.ActivityThread.handleReceiver:2442 
I/LSS-II: ( 3199): proc wait in:com.sec.android.SimpleWidget,adj=11LRU num=64,i=41
D/dalvikvm( 3608): GC_CONCURRENT freed 394K, 9% free 17303K/18964K, paused 5ms+5ms, total 45ms
I/LSS-II: ( 3199): proc cancel wait in:com.android.musicfx,adj=0LRU num=64,i=63
I/LSS-II: ( 3199): proc wait in:com.sec.android.gallery3d,adj=11LRU num=64,i=43
W/LicenseLogService( 3199): log() is called by non admin
W/LicenseLogService( 3199): log() is called by non admin
I/LSS-II: ( 3199): proc out:com.skt.skaf.Z0000OMPDL,adj=0,i=63
I/PCWCLIENTTRACE_SPPReceiver( 4235): [onReceive] - android.intent.action.PACKAGE_ADDED
I/LSS-II: ( 3199): proc cancel wait in:com.sec.pcw.device,adj=0LRU num=64,i=63
I/LSS-II: ( 3199): proc wait in:com.android.settings,adj=11LRU num=64,i=42
I/LSS-II: ( 3199): proc wait in:com.google.android.googlequicksearchbox,adj=11LRU num=64,i=42
I/LSS-II: ( 3199): proc wait in:com.sec.android.app.FileShareServer,adj=11LRU num=64,i=43
I/LSS-II: ( 3199): proc wait in:com.sec.android.service.cm,adj=11LRU num=64,i=41
I/LSS-II: ( 3199): proc cancel wait in:com.sec.android.gallery3d,adj=0LRU num=64,i=63
I/LSS-II: ( 3199): proc cancel wait in:com.google.android.googlequicksearchbox,adj=0LRU num=64,i=63
W/ContextImpl( 4155): Calling a method in the system process without a qualified user: android.app.ContextImpl.startService:1643 android.content.ContextWrapper.startService:457 android.content.ContextWrapper.startService:457 com.samsung.android.app.filterinstaller.PackageIntentReceiver.onReceive:41 android.app.ActivityThread.handleReceiver:2442 
I/LSS-II: ( 3199): proc out:com.google.android.apps.maps:FriendService,adj=0,i=48
W/LicenseLogService( 3199): log() is called by non admin
I/LSS-II: ( 3199): proc wait in:com.android.musicfx,adj=11LRU num=64,i=39
I/LSS-II: ( 3199): proc wait in:com.skt.skaf.Z0000OMPDL,adj=11LRU num=64,i=39
I/LSS-II: ( 3199): proc cancel wait in:com.android.musicfx,adj=0LRU num=64,i=63
I/LSS-II: ( 3199): proc wait in:com.sec.pcw.device,adj=11LRU num=64,i=39
W/LicenseLogService( 3199): log() is called by non admin
I/LSS-II: ( 3199): proc cancel wait in:com.skt.skaf.Z0000OMPDL,adj=0LRU num=64,i=63
W/LicenseLogService( 3199): log() is called by non admin
I/PCWCLIENTTRACE_PushUtil( 4235): SPPPushClient is installed : false
I/PCWCLIENTTRACE_PushUtil( 4235): sales region : global
I/PCWCLIENTTRACE_PushUtil( 4235): getPushTypeList : [GCM]
D/PCWCLIENTTRACE_PCWReceiver( 4235): ACTION_PACKAGE_REPLACED_START
I/LSS-II: ( 3199): proc cancel wait in:com.sec.pcw.device,adj=0LRU num=64,i=63
I/LSS-II: ( 3199): proc wait in:com.google.android.apps.maps:FriendService,adj=11LRU num=64,i=40
I/LSS-II: ( 3199): proc wait in:com.sec.android.gallery3d,adj=11LRU num=64,i=42
W/ContextImpl( 4155): Calling a method in the system process without a qualified user: android.app.ContextImpl.sendBroadcast:1323 android.content.ContextWrapper.sendBroadcast:345 com.samsung.android.app.filterinstaller.FilterPackageService$ServiceHandler.handleMessage:95 android.os.Handler.dispatchMessage:99 android.os.Looper.loop:137 
I/SktDrmDevice( 2463): network_regist : , radiostate : 0
I/SktDrmDevice( 2463): SKTDRM_IsServiceArea : 0
I/Monitor ( 3199): SIOP:: Current AP = 400, CP = 0
I/AmoledAdjustTimer( 3199): prevTemp = 316, currTemp = 317, prevStep = 4, currStep = 4
D/Monitor ( 3199): SIOPLevel:: Name = Level0, ArmFreq = -1(-1), ArmCoreNum = -1, ChargeCurrent = -1, LCDBrightness = -1, Flash = false, ACL = false, Temp = -1, recordingStop = false, dualRecordingToSingle = false
I/LSS-II: ( 3199): proc out:com.google.android.apps.maps:LocationFriendService,adj=0,i=49
D/DisplayPowerController( 3199): SSTEMP : mIsLockZone = true
D/DisplayPowerController( 3199): SSTEMP : mIsLockZone = false
E/DataRouter( 2452): After the usb select 
E/DataRouter( 2452): read length is zero
E/DataRouter( 2452): dr_usb_deinit
E/DataRouter( 2452): dr_usb_init
E/DataRouter( 2452): USB Interface is open with 0xa
E/DataRouter( 2452): USB interface is now configured for usb_fd = 0xa
E/DataRouter( 2452): pcsyncreset
D/Kies    ( 2453): [DR->KIES]Received data notification
E/DTT     ( 2456): [DR->DTT]Received data notification
E/SMD     ( 2455): ***Received data notification[DR->SMD]***
D/Kies    ( 2453): dr_process_kies_app(0)
E/SMD     ( 2455): Path set is DATA_PATH_DR_SMD_MANAGER
E/SMD     ( 2455): Message:
E/SMD     ( 2455): Sending data to SMD: Len = [3]
E/SMD     ( 2455):  buffer = []
D/connfw  ( 2457): [DR->CONNFW]Received data notification
D/Kies    ( 2453): child pid = 18818.
E/MTPRx   (18688): state from USB_STATE eventDISCONNECTED
W/MTPRx   (18688): notification from stack 21
E/        (18688): read error [0] [Success]
E/MTPRx   (18688): Read Error Came false
E/SMD     ( 2455): Wrote 3 chars to SMD PORT fd=8 ch = 81
E/MTPRx   (18688): /data/data/com.android.MtpApplication/gadgetDisconnectAndConnect.txt: open failed: ENOENT (No such file or directory)
E/MTPRx   (18688): calling usbRemoved from event observer
V/UsbDeviceManager( 3199): USB UEVENT: {USB_STATE=DISCONNECTED, SUBSYSTEM=android_usb, DEVPATH=/devices/virtual/android_usb/android0, SEQNUM=38916, ACTION=change}
D/Kies    (18818): child pid = 0.
D/Kies    (18818): execute sh.
W/MTPRx   (18688): MTP_RUNNING_STATUS = 1
E/MTPRx   (18688): In usbRemoved Status bar enabled
D/UsbDeviceManager( 3199): handleMessage -> MSG_UPDATE_STATE connected = 0,configured = 0
D/UsbDeviceManager( 3199): updateUsbNotification : mConnected = false, mConfigured = false, mCurrentFunctions = mtp,adb
W/ContextImpl(18688): Calling a method in the system process without a qualified user: android.app.ContextImpl.sendBroadcast:1323 android.content.ContextWrapper.sendBroadcast:345 android.content.ContextWrapper.sendBroadcast:345 com.android.MtpApplication.MtpReceiver.usbRemoved:940 com.android.MtpApplication.MtpReceiver.access$100:81 
W/ContextImpl( 3199): Calling a method in the system process without a qualified user: android.app.ContextImpl.sendBroadcast:1337 com.android.server.StatusBarManagerService.sendNotification:179 com.android.server.StatusBarManagerService.removeNotification:812 com.android.server.NotificationManagerService.cancelNotificationLocked:1615 com.android.server.NotificationManagerService.cancelNotification:1688 
E/MTPRx   (18688): Sending Broadcast
D/STATUSBAR-StatusBarManagerService( 3199): sendNotification(3) - 17040955
D/LightsService( 3199): [SvcLED] turnOff:: id = 4mIsIDUsingPatternLED = true
D/LightsService( 3199): [SvcLED] setSvcLedStateLocked:: id = 4, color = 0, mode = Off, set = Off
D/ContainerEventsRelayManager( 3480): <<< Intent action is >>> : android.intent.action.MTP_FILE_SCAN
D/ContainerEventsRelayManager( 3480): <<< Intent data is   >>> : null
D/ECS_EnterpriseContainerService( 3199): getContainers   --  Called + uid1000
D/ECS_EnterpriseContainerService( 3199): getContainers   --  Called passing security
D/ECS_EnterpriseContainerCacheData( 3199): Container cache getContainers 
D/ECS_EnterpriseContainerCacheData( 3199): Container cache getContainers not null
D/ContainerEventsRelayManager( 3480): System event android.intent.action.MTP_FILE_SCAN Added to Intent hold manager
D/LightsService( 3199): [SvcLED] ForcedSvcLEDTask is running.
D/LightsService( 3199): [SvcLED] setSvcLedLightLocked : mSvcLedState : 0x0  priority : 6  mSvcLedMode : 0
D/UsbDeviceManager( 3199): updateUsbNotification : cancel id = 17040955, title = Connected as a media device
D/MediaScannerReceiver( 3447): action: android.intent.action.MTP_FILE_SCAN
D/UsbDeviceManager( 3199): sending intent : ACTION_USB_STATE : connected = false, configured = false, functions = mtp,adb
W/ContextImpl(18688): Calling a method in the system process without a qualified user: android.app.ContextImpl.stopService:1649 android.content.ContextWrapper.stopService:462 android.content.ContextWrapper.stopService:462 com.android.MtpApplication.MtpReceiver.usbRemoved:950 com.android.MtpApplication.MtpReceiver.access$100:81 
E/MTPRx   (18688): In MtpReceiverandroid.hardware.usb.action.USB_STATE
E/MTPRx   (18688): check value of boot_completed is1
E/MTPRx   (18688): check booting is completed_sys.boot_completed
E/MTPRx   (18688): Sd-Card path/storage/extSdCard
E/MTPRx   (18688): Status for mount/Unmount :removed
E/MTPRx   (18688): SDcard is not available
E/MTPRx   (18688): The value of first_boot is  1
E/MTPRx   (18688): [ 662] The value of first_boot is  1NORMAL SEQUENCE 
D/LightsService( 3199): [SvcLED] turnOff:: id = 4mIsIDUsingPatternLED = true
D/LightsService( 3199): [SvcLED] setSvcLedStateLocked:: id = 4, color = 0, mode = Off, set = Off
D/LightsService( 3199): [SvcLED] ForcedSvcLEDTask is running.
D/LightsService( 3199): [SvcLED] setSvcLedLightLocked : mSvcLedState : 0x0  priority : 6  mSvcLedMode : 0
W/MTPRx   (18688): value of connected isfalse
W/MTPRx   (18688): value of configured isfalse
W/MTPRx   (18688): value of mtpEnabled istrue
W/MTPRx   (18688): value of ptpEnabled isfalse
E/MTPRx   (18688): Received USB_STATE with sdCardLaunch = 0
E/MTPRx   (18688): configured is false
E/MtpService(18688): onDestroy.
E/MTPJNIInterface(18688): noti = 3
D/        (18688): __mtp_handler_eh_notify: USB plugged out.
D/        (18688): [__mtp_handler_eh_notify:549] is_connected = 0 and is_enumeration_finished = 1
D/        (18688):  [__mtp_handler_eh_notify:590] Enumeration is Complete and hence exiting the Mtp App 
D/        (18688): gbin_sem_mtp semphore destroy successful
D/        (18688): [__mtp_handler_eh_notify:625] sending event to event handler thread to close...
D/        (18688): [__mtp_handler_eh_notify:634] starting mtp_deinitialize() ...
D/        (18688):  cleaning MP3 properties
D/        (18688):  cleaning WMA properties
D/        (18688):  cleaning WMV properties
D/        (18688):  cleaning ALBUM properties
D/        (18688):  cleaning default properties
D/        (18688): [__mtp_handler_eh_notify:659] Checking for MMC_INSERTED and kill data threads ...
D/        (18688): [__mtp_handler_eh_notify:664] calling mtp_g_fs_mtp_init() ...
D/        (18688):  ************** In mtp_g_fs_mtp_init to kill the threads
D/        (18688): [mtp_g_fs_mtp_init] ********* gfs_mode = 0 mtp_clean_usb_driver  
D/        (18688): [mtp_g_fs_mtp_init] ************ Calling mtp_usb_mtp_finalize fn
D/        (18688): ****** [mtp_usb_mtp_finalize] Calling mtp_stop_io 
D/        (18688): mtp_stop_io going to kill source thread, th_source value = 1
I/ActivityManager( 3199): Process com.android.MtpApplication (pid 18688) (adj 0) has died.
W/ContextImpl( 3199): Calling a method in the system process without a qualified user: android.app.ContextImpl.sendBroadcast:1323 com.android.server.am.ActivityManagerService.cleanUpApplicationRecordLocked:12306 com.android.server.am.ActivityManagerService.handleAppDiedLocked:3528 com.android.server.am.ActivityManagerService.appDiedLocked:3632 com.android.server.am.ActivityManagerService$AppDeathRecipient.binderDied:980 
D/MediaScannerService( 3447): !@start scanning volume external: [/storage/emulated/0, /storage/extSdCard, /storage/UsbDriveA, /storage/UsbDriveB, /storage/UsbDriveC, /storage/UsbDriveD, /storage/UsbDriveE, /storage/UsbDriveF]
I/LSS-II: ( 3199): proc cancel wait in:com.android.settings,adj=0LRU num=63,i=62
D/MediaScanner( 3447): MediaScanner - mSkipList ()
D/MediaScanner( 3447): Constructor set externalStorageSdPath : /storage/extSdCard
I/LSS-II: ( 3199): proc cancel wait in:com.sec.android.app.tmserver,adj=0LRU num=63,i=61
D/TMSERVER/TMNetworkReceiver( 3183): TMNetworkReceiver.TMNetworkReceiver() Enter 1 main
D/TMSERVER/TMNetworkReceiver( 3183): TMNetworkReceiver.StartTMHandler - enter
D/TMSERVER/TMNetworkReceiver( 3183): TMNetworkReceiver.StartTMHandler - exit
D/TMSERVER/TMNetworkReceiver( 3183): TMNetworkReceiver.onReceive() Enter
D/TMSERVER/TMNetworkReceiver( 3183): TMNetworkReceiver.onReceive() Action android.hardware.usb.action.USB_STATE
D/TMSERVER/TMNetworkReceiver( 3183): TMNetworkReceiver.onReceive() on USB - connected:false, configured :false, isUsbCableConnected = false
D/TMSERVER/TMNetworkReceiver( 3183): TMNetworkReceiver.onReceive() USB NOT CONNECTED
D/TMSERVER/TMNetworkReceiver( 3183): TMNetworkReceiver.onReceive() Exit 
D/MediaScanner( 3447): Prescan. DB items number : 3559 DB_FILES_NUMBER_CACHING_LIMITATION : 7000  Caching mode : true
D/AndroidRuntime(18821): 
D/AndroidRuntime(18821): >>>>>> AndroidRuntime START com.android.internal.os.RuntimeInit <<<<<<
D/AndroidRuntime(18821): CheckJNI is OFF
D/AndroidRuntime(18821): setted country_code = KOREA
D/AndroidRuntime(18821): setted countryiso_code = WW
D/AndroidRuntime(18821): setted sales_code = SKT
D/AndroidRuntime(18821): readGMSProperty: start
D/AndroidRuntime(18821): readGMSProperty: already setted!!
D/AndroidRuntime(18821): readGMSProperty: end
D/TMSERVER/TMLogRemovalReceiver( 3183): TMLogRemovalReceiver.onReceive() Enter isCalled =true
D/AndroidRuntime(18821): addProductProperty: start
D/TMSERVER/TMLogRemovalReceiver( 3183): TMLogRemovalReceiver.onReceive() Exit
I/Z0000SLOAD( 3038): ##### REV_146, DATE_2012/08/22 14:32:01
I/LSS-II: ( 3199): proc wait in:com.android.musicfx,adj=11LRU num=63,i=38
D/dalvikvm(18821): Trying to load lib libjavacore.so 0x0
D/dalvikvm(18821): Added shared lib libjavacore.so 0x0
D/dalvikvm(18821): Trying to load lib libnativehelper.so 0x0
D/dalvikvm(18821): Added shared lib libnativehelper.so 0x0
D/dalvikvm( 3038): GC_CONCURRENT freed 133K, 13% free 17194K/19540K, paused 3ms+1ms, total 17ms
D/dalvikvm( 3038): WAIT_FOR_CONCURRENT_GC blocked 5ms
I/Z0000SLOAD( 3038): isInstalledAgent : true, agentVersion : 1.11
I/Z0000SLOAD( 3038): Domestic : true
D/dalvikvm( 3447): GC_CONCURRENT freed 1959K, 19% free 17749K/21868K, paused 4ms+4ms, total 41ms
D/dalvikvm( 3447): GC_CONCURRENT freed 65K, 18% free 18067K/21868K, paused 3ms+1ms, total 15ms
D/dalvikvm(18821): Note: class Landroid/app/ActivityManagerNative; has 169 unimplemented (abstract) methods
D/dalvikvm( 3447): GC_CONCURRENT freed 34K, 16% free 18517K/21868K, paused 3ms+5ms, total 32ms
D/AndroidRuntime(18821): Calling main entry com.android.commands.am.Am
D/NPS_WSSNPS( 3219): [] KIES_WSSERVICE_STOP
I/NPS_WSSNPS( 3219): [] IsRemain_Asyncing nothing
W/ContextImpl( 3219): Calling a method in the system process without a qualified user: android.app.ContextImpl.stopService:1649 android.content.ContextWrapper.stopService:462 android.content.ContextWrapper.stopService:462 com.wssnps.smlNpsReceiver.onReceive:179 android.app.ActivityThread.handleReceiver:2442 
I/LSS-II: ( 3199): proc out:com.wssnps,adj=0,i=61
D/AndroidRuntime(18821): Shutting down VM
I/LSS-II: ( 3199): proc wait in:com.skt.skaf.Z0000OMPDL,adj=11LRU num=63,i=37
D/dalvikvm(18821): GC_CONCURRENT freed 93K, 13% free 664K/760K, paused 1ms+0ms, total 3ms
V/MediaScanner( 3447): processDirectory :  /storage/emulated/0
D/MediaScanner( 3447): Skipping:
D/MediaScanner( 3447): 7klwibgf7fvntblfd7(7Budiwrd7dblb7
D/MediaScanner( 3447): Skipping:
D/MediaScanner( 3447): 7klwibgf7fvntblfd7(75ebcf7
D/MediaScanner( 3447): Skipping:
D/MediaScanner( 3447): 7klwibgf7fvntblfd7(7DCRV75lpnvaubrtk7
D/BatteryService( 3199): update start
D/BatteryService( 3199): level:98, scale:100, status:3, health:2, present:true, voltage: 4216, temperature: 315, technology: Li-ion, AC powered:false, USB powered:false, Wireless powered:false, icon:17303305, invalid charger:0, online:1, charge type:0, current avg:460
D/BatteryService( 3199): Sending ACTION_BATTERY_CHANGED.
D/PowerManagerService( 3199): [api] updateIsPoweredLocked : mIsPowered: false mPlugType: 0
D/STATUSBAR-BatteryController( 3371): onReceive() - ACTION_BATTERY_CHANGED
D/STATUSBAR-BatteryController( 3371): onReceive() - BATTERY_STATUS_DISCHARGING: stat_sys_battery
I/CAE     ( 3199): onReceive(CaPowerManager.java:140) - POWER_DISCONNECTED
D/SensorHubManager( 3199): SendSensorHubData: send data = -76, 13, -41, 0
D/UsbDeviceManager( 3199): handleMessage -> MSG_POWER_STATE = 0
D/Sensorhubs( 2469): sendContextData: -76, 13, -41, 0
I/CAE     ( 3199): sendCmdToSensorHub(SensorHubCommManager.java:131) - -76, 13, -41, 0, 
I/LSS-II: ( 3199): proc cancel wait in:com.android.chrome,adj=0LRU num=63,i=62
D/UsbDeviceManager( 3199): received ACTION_POWER_DISCONNECTED = -1
D/UsbDeviceManager( 3199): sending intent : ACTION_USB_CABLE_STATE : connected = false
D/STATUSBAR-PhoneStatusBar( 3371): NORMAL_BATTERY
I/KIES_RECEIVE( 3282): [APK BnR] Receive KIES_USB_DISCONNECT
D/Kies    ( 2453): __dr_Sigchld_handler entered
D/Kies    ( 2453): dr_Sigchld_handler spid : 18818
D/Kies    ( 2453): sending intent finished.
D/Kies    ( 2453): KIES_WSSERVICE_STOP sending intent result = 1.
D/Kies    ( 2453): child pid = 18834.
W/ContextImpl( 3282): Calling a method in the system process without a qualified user: android.app.ContextImpl.stopService:1649 android.content.ContextWrapper.stopService:462 android.content.ContextWrapper.stopService:462 com.sec.android.Kies.kies_receiver.onReceive:163 android.app.ActivityThread.handleReceiver:2442 
I/LSS-II: ( 3199): proc out:com.sec.android.Kies,adj=0,i=60
I/LSS-II: ( 3199): proc wait in:com.sec.pcw.device,adj=11LRU num=63,i=36
D/Kies    (18834): child pid = 0.
D/Kies    (18834): execute sh.
I/LSS-II: ( 3199): proc wait in:com.google.android.apps.maps:LocationFriendService,adj=11LRU num=63,i=39
E/videowall-TranscodeReceiver( 3297): broadcastMSG : android.intent.action.ACTION_POWER_DISCONNECTED
D/videowall-TranscodeService( 3297): -> onDestroy()
D/videowall-TranscodeService( 3297): releaseTransThread.
I/LSS-II: ( 3199): proc wait in:com.google.android.googlequicksearchbox,adj=11LRU num=63,i=41
D/AndroidRuntime(18835): 
D/AndroidRuntime(18835): >>>>>> AndroidRuntime START com.android.internal.os.RuntimeInit <<<<<<
D/AndroidRuntime(18835): CheckJNI is OFF
D/AndroidRuntime(18835): setted country_code = KOREA
D/AndroidRuntime(18835): setted countryiso_code = WW
D/AndroidRuntime(18835): setted sales_code = SKT
D/AndroidRuntime(18835): readGMSProperty: start
D/AndroidRuntime(18835): readGMSProperty: already setted!!
D/AndroidRuntime(18835): readGMSProperty: end
D/AndroidRuntime(18835): addProductProperty: start
D/dalvikvm(18835): Trying to load lib libjavacore.so 0x0
D/dalvikvm(18835): Added shared lib libjavacore.so 0x0
D/dalvikvm(18835): Trying to load lib libnativehelper.so 0x0
D/dalvikvm(18835): Added shared lib libnativehelper.so 0x0
D/dalvikvm( 3447): GC_CONCURRENT freed 1401K, 13% free 19099K/21868K, paused 3ms+2ms, total 42ms
D/dalvikvm(18835): Note: class Landroid/app/ActivityManagerNative; has 169 unimplemented (abstract) methods
D/AndroidRuntime(18835): Calling main entry com.android.commands.am.Am
D/dalvikvm( 3447): GC_CONCURRENT freed 739K, 13% free 19049K/21868K, paused 1ms+1ms, total 18ms
D/AndroidRuntime(18835): Shutting down VM
D/dalvikvm(18835): GC_CONCURRENT freed 93K, 13% free 664K/760K, paused 1ms+0ms, total 3ms
V/MediaScanner( 3447): processDirectory :  /storage/extSdCard
W/MediaScanner( 3447): Error opening directory, reason : Permission denied.
W/MediaScanner( 3447): 7klwibgf7fxlKdCbid7
V/MediaScanner( 3447):  prescan time: 342ms (DB items: 3559)
V/MediaScanner( 3447):     scan time: 705ms (Caching mode: true), (makeEntry time: 205ms ~29%),  (parsing time: 0ms ~0%),  (bitmapDecoding time: 0ms ~0%), (exifExtracting time : 0ms ~0%), (bulkInserter time : 0ms ~0%)
V/MediaScanner( 3447): postscan time: 1ms (bulkDeleter : 0)
V/MediaScanner( 3447):    total time: 1048ms
V/MediaScanner( 3447): checked files: 3524  directories : 35  (I: 0, U: 1)
D/MediaScannerService( 3447): !@done scanning volume external
E/CscReceiver( 3493): onReceive android.intent.action.MEDIA_SCANNER_FINISHED
D/CscReceiver( 3493): Media DB Scanner finished.
D/CscReceiver( 3493): start service to Set Ringtone
D/CscReceiver( 3493): start service to Set Notification
D/CscReceiver( 3493): start service to Set Alarmtone
D/CscUpdateService( 3493): onStart
E/CscUpdateService( 3493): costomer file is exists : it has been preconfiged.
D/CscUpdateService( 3493): only ringtone update
D/CscUpdateService( 3493): onStart
E/CscParser( 3493): update(): xml file exist
E/CscUpdateService( 3493): costomer file is exists : it has been preconfiged.
D/CscUpdateService( 3493): only notification update
D/CscUpdateService( 3493): onStart
E/CscParser( 3493): update(): xml file exist
E/CscUpdateService( 3493): costomer file is exists : it has been preconfiged.
D/CscUpdateService( 3493): only alarmtone update
E/CscParser( 3493): update(): xml file exist
D/FactoryTestApp( 3385): [FactoryTestBroadcastReceiver$onReceive] onReceive action=android.intent.action.MEDIA_SCANNER_FINISHED
I/FactoryTestApp( 3385): [XMLDataStorage$parsingXML] FtClient => data parsing was completed.
D/FactoryTestApp( 3385): [FactoryTestBroadcastReceiver$onReceive] ACTION_MEDIA_SCANNER_FINISHED => XML data parsing was failed.
I/FactoryTestApp( 3385): [ModuleCommon$setMediascanningCounter] NULL
I/FactoryTestApp( 3385): [ModuleCommon$getMediaScanningCount] get : 115
D/FactoryTestApp( 3385): [Support$Values.getString] id=BINARY_TYPE, value=ro.factory.factory_binary
D/FactoryTestApp( 3385): [Support$Properties.get] property=ro.factory.factory_binary
D/FactoryTestApp( 3385): [Support$Values.getString] id=BINARY_TYPE, value=ro.factory.factory_binary
D/FactoryTestApp( 3385): [Support$Properties.get] property=ro.factory.factory_binary
I/FactoryTestApp( 3385): [ModuleCommon$getMediaScanningCount] get : 116
I/FactoryTestApp( 3385): [ModuleCommon$getMediaScanningCount] get : 116
I/FactoryTestApp( 3385): [ModuleCommon$isFirstBoot] before : false
W/CSCSettings( 3493): Setting Ringtones (type) : 1
D/CscParser( 3493): RingTone: null
W/CSCSettings( 3493): 1. Tag_Str: null
W/CSCSettings( 3493): Setting Ringtones (type) : 2
D/CscParser( 3493): MessageTone: null
W/CSCSettings( 3493): 1. Tag_Str: null
W/CSCSettings( 3493): Setting Ringtones (type) : 4
D/CscParser( 3493): AlarmTone: null
W/CSCSettings( 3493): 1. Tag_Str: null
D/dalvikvm( 3493): GC_CONCURRENT freed 203K, 39% free 17965K/29384K, paused 3ms+3ms, total 18ms
I/LSS-II: ( 3199): proc out:com.sec.factory,adj=0,i=62
I/LSS-II: ( 3199): proc out:com.sec.android.app.music:service,adj=0,i=62
I/LSS-II: ( 3199): proc wait in:com.sec.android.app.tmserver,adj=11LRU num=63,i=41
I/LSS-II: ( 3199): proc cancel wait in:com.sec.android.gallery3d,adj=0LRU num=63,i=62
I/LSS-II: ( 3199): proc wait in:com.wssnps,adj=11LRU num=63,i=43
D/GalleryCacheReady( 3412): Receive action.ACTION_MEDIA_SCANNER_FINISHED
D/GalleryCacheReady( 3412): GalleryCacheReady start
D/ContentApp( 3447): startScan() is called.
D/facerecognition( 3447): NativeApi_createFR begin
D/facerecognition( 3447): NativeApi_createFR 1
D/facerecognition( 3447): AMCM register begin
D/facerecognition( 3447): AMCM register end
D/facerecognition( 3447): NativeApi_createFR end=1860113672
D/facerecognition( 3447): NativeApi_setFaceThumbnaislSize begin
D/facerecognition( 3447): NativeApi_setFaceThumbnaislSize end
I/android_drm_DrmManagerClient( 3412): getNewDRMPath path is changed to fix permission issue,
I/android_drm_DrmManagerClient( 3412): getNewDRMPath path is changed to fix permission issue,
D/Kies    ( 2453): __dr_Sigchld_handler entered
D/Kies    ( 2453): dr_Sigchld_handler spid : 18834
D/Kies    ( 2453): sending intent finished.
D/Kies    ( 2453): KIES_APP_STOP sending intent result = 1.
I/android_drm_DrmManagerClient( 3412): getNewDRMPath path is changed to fix permission issue,
W/ContentResolver( 3447): Failed to get type for: content://media/external/faces (Unknown URL : content://media/external/faces)
D/GalleryCacheReady( 3412): GalleryCacheReady end
D/facerecognition( 3447): NativeApi_prepareUngroupedData begin
D/facerecognition( 3447): NativeApi_prepareUngroupedData 1
D/facerecognition( 3447): NativeApi_prepareUngroupedData 2
D/facerecognition( 3447): NativeApi_prepareUngroupedData 3
D/facerecognition( 3447): NativeApi_prepareUngroupedData 4
D/facerecognition( 3447): NativeApi_prepareUngroupedData 5
I/LSS-II: ( 3199): proc wait in:com.sec.android.Kies,adj=11LRU num=63,i=43
D/facerecognition( 3447): NativeApi_prepareUngroupedData 6
D/facerecognition( 3447): NativeApi_prepareUngroupedData 7
D/facerecognition( 3447): NativeApi_prepareUngroupedData 8
D/facerecognition( 3447): NativeApi_prepareUngroupedData 9
D/facerecognition( 3447): NativeApi_prepareUngroupedData end
W/ContentResolver( 3447): Failed to get type for: content://media/external/faces (Unknown URL : content://media/external/faces)
D/facerecognition( 3447): NativeApi_destroyFR begin
D/facerecognition( 3447): NativeApi_destroyFR 1
D/facerecognition( 3447): CFrManager::Destroy 1
D/facerecognition( 3447): CFrManager::Destroy 2
D/facerecognition( 3447): CFrManager::Destroy 3
D/facerecognition( 3447): CFrManager::Destroy 4
D/facerecognition( 3447): CFrManager::Destroy 5
D/facerecognition( 3447): CFrManager::Destroy 8
D/facerecognition( 3447): CFrManager::Destroy 9
D/facerecognition( 3447): CFrManager::Destroy 10
D/facerecognition( 3447): CFrManager::Destroy 11
D/facerecognition( 3447): CFrManager::Destroy 12
D/facerecognition( 3447): CFrManager::Destroy 13
D/facerecognition( 3447): NativeApi_destroyFR 2
D/facerecognition( 3447): NativeApi_destroyFR end
E/SMD     ( 2455): usb connection is false 
E/SMD     ( 2455): InvokeOemRequestHookRaw usbstatus false is success
E/SMD     ( 2455): [*] dr_smd_dsr_event_hdlr event received  is received 
E/SMD     ( 2455): data pin is DCD 
E/SMD     ( 2455): [*] dr_smd_dsr_event_hdlr event received  is received 
E/SMD     ( 2455): data pin is DSR 
E/SMD     ( 2455): DSR pinstatus is OFF 
E/DataRouter( 2452): init_cur_sock
E/DataRouter( 2452): dr_usb_deinit
E/DataRouter( 2452): Initialise USB and start the thread 
E/DataRouter( 2452): dr_usb_init
E/DataRouter( 2452): USB Interface is open with 0xa
E/DataRouter( 2452): USB interface is now configured for usb_fd = 0xa
E/DataRouter( 2452): THREAD LAUNCH 
E/DataRouter( 2452): monitor_data_of_usb
E/DataRouter( 2452): USB monitor thread launched, usb_fd= 0xa
E/DataRouter( 2452): init_cur_sock
E/DataRouter( 2452): Before the usb select 
D/DisplayPowerController( 3199): [DAB] updateAutoBrightnessSEC : 32(32.0)    0.0 < 9.266184 < 20.0 (0.0)
D/DisplayPowerController( 3199): [DAB] mAmbientLux = 9.266184, newScreenAutoBrightness = 32
I/DisplayPowerController( 3199): [DAB] fileWriteInt : /sys/class/backlight/panel/auto_brightness  value : 1
D/DisplayPowerController( 3199): animation target = 32(false, (-1 ~ -1), ( < -1)
D/lights  ( 3199): lcd : 114 +
D/lights  ( 3199): lcd : 114 -
D/lights  ( 3199): lcd : 98 +
D/lights  ( 3199): lcd : 98 -
D/LightsService( 3199): Excessive delay setting light: 66ms
D/lights  ( 3199): lcd : 56 +
D/lights  ( 3199): lcd : 56 -
D/lights  ( 3199): lcd : 39 +
D/RampAnimator( 3199): Light Animator Finished currentValue=32
D/lights  ( 3199): lcd : 39 -
D/lights  ( 3199): lcd : 32 +
D/lights  ( 3199): lcd : 32 -
V/AlarmManager( 3199): waitForAlarm result :1
V/AlarmManager( 3199): trigger ELAPSED_REALTIME_WAKEUP or RTC_WAKEUP
I/Z0000SLOAD( 3038): ##### REV_146, DATE_2012/08/22 14:32:01
D/dalvikvm( 3038): GC_CONCURRENT freed 845K, 14% free 16812K/19540K, paused 6ms+2ms, total 38ms
I/LSS-II: ( 3199): proc wait in:com.android.settings,adj=11LRU num=63,i=43
V/UsbHostManager( 3199): USB HOST UEVENT: {SUBSYSTEM=host_notify, STATE=ADD, DEVNAME=usb_otg, DEVPATH=/devices/virtual/host_notify/usb_otg, SEQNUM=38923, ACTION=change}
D/UsbHostManager( 3199): turnOnLcd :: 
D/PowerManagerService( 3199): [api] [s] wakeUp (uid: 1000 pid: 3199)
D/UsbHostNotification( 3199): setUsbObserverNotification : notify id = 998563545, device = UsbDevices, title = USB connector connected
W/ContextImpl( 3199): Calling a method in the system process without a qualified user: android.app.ContextImpl.sendBroadcast:1337 com.android.server.StatusBarManagerService.sendNotification:179 com.android.server.StatusBarManagerService.addNotification:776 com.android.server.NotificationManagerService.enqueueNotificationInternal:1293 com.android.server.NotificationManagerService.enqueueNotificationWithTag:1145 
D/STATUSBAR-StatusBarManagerService( 3199): sendNotification(1) - 998563545
D/UsbHostNotification( 3199): send the timeout : current  1375263332234, vailed = -1994, displayed = 1375263332228
D/ProgressBar( 3371): setProgressDrawable mProgressDrawable = null, d = android.graphics.drawable.LayerDrawable@436b7ab8needUpdate = false
D/ProgressBar( 3371): setProgressDrawable drawableHeight = 18
D/ProgressBar( 3371): setProgress = 0
D/ProgressBar( 3371): setProgress = 0, fromUser = false
D/ProgressBar( 3371): mProgress = 0mIndeterminate = false, mMin = 0, mMax = 100
D/usbhost ( 3199): read (wd : 4) 073 (CREATE) (32:16)
D/UsbHostManager( 3199): onUEvent(device) :: action = add, devtype = usb_interface, device = /proc/bus/usb/002/073, product = 1a40/101/111, type = 9/0/1, interface = 9/0/0, devpath = /devices/platform/exynos-dwc3.0/exynos-xhci.0/usb2/2-1/2-1:1.0
D/UsbHostManager( 3199): usbDeviceAdded : device :: /dev/bus/usb/002/073 [1a40h:0101h] [09h,00h,01h] (Hub(Hi-speed hub with single TT ))
