D/usbhost ( 3199): watch [r:2][001:3][002:4][003:5][004:-1][005:-1][006:-1][007:-1][008:-1][009:-1]
W/UsbHostManager( 3199): /dev/bus/usb/002/073 is put on a blocklist [1a40h:0101h:09h:00h:01h]
I/SktDrmDevice( 2463): network_regist : , radiostate : 0
I/SktDrmDevice( 2463): SKTDRM_IsServiceArea : 0
I/Monitor ( 3199): SIOP:: Current AP = 390, CP = 0
I/AmoledAdjustTimer( 3199): prevTemp = 317, currTemp = 315, prevStep = 4, currStep = 4
D/Monitor ( 3199): SIOPLevel:: Name = Level0, ArmFreq = -1(-1), ArmCoreNum = -1, ChargeCurrent = -1, LCDBrightness = -1, Flash = false, ACL = false, Temp = -1, recordingStop = false, dualRecordingToSingle = false
D/UsbHostNotification( 3199): setUsbObserverNotification : cancel id = 998563545, device = UsbDevices
W/ContextImpl( 3199): Calling a method in the system process without a qualified user: android.app.ContextImpl.sendBroadcast:1337 com.android.server.StatusBarManagerService.sendNotification:179 com.android.server.StatusBarManagerService.removeNotification:812 com.android.server.NotificationManagerService.cancelNotificationLocked:1615 com.android.server.NotificationManagerService.cancelNotification:1688 
D/STATUSBAR-StatusBarManagerService( 3199): sendNotification(3) - 998563545
D/LightsService( 3199): [SvcLED] turnOff:: id = 4mIsIDUsingPatternLED = true
D/LightsService( 3199): [SvcLED] setSvcLedStateLocked:: id = 4, color = 0, mode = Off, set = Off
D/LightsService( 3199): [SvcLED] ForcedSvcLEDTask is running.
D/LightsService( 3199): [SvcLED] setSvcLedLightLocked : mSvcLedState : 0x0  priority : 6  mSvcLedMode : 0
E/Watchdog( 3199): !@Sync 1364
V/AlarmManager( 3199): waitForAlarm result :1
V/AlarmManager( 3199): trigger ELAPSED_REALTIME_WAKEUP or RTC_WAKEUP
I/LSS-II: ( 3199): proc in:com.skt.skaf.Z0000OMPDL,adj=13LRU num=63,i=30
I/LSS-II: ( 3199): proc in:com.android.musicfx,adj=13LRU num=63,i=29
I/LSS-II: ( 3199): proc in:com.google.android.apps.maps:FriendService,adj=13LRU num=63,i=26
I/LSS-II: ( 3199): proc in:com.sec.android.service.cm,adj=15LRU num=63,i=24
I/LSS-II: ( 3199): proc in:com.sec.android.app.FileShareServer,adj=15LRU num=63,i=23
I/LSS-II: ( 3199): proc in:com.sec.android.SimpleWidget,adj=15LRU num=63,i=20
I/LSS-II: ( 3199): proc in:com.sec.ontouchreport,adj=15LRU num=63,i=18
D/dalvikvm( 4247): GC_CONCURRENT freed 984K, 17% free 17302K/20780K, paused 5ms+6ms, total 75ms
D/dalvikvm( 4247): WAIT_FOR_CONCURRENT_GC blocked 57ms
I/LSS-II: ( 3199): proc in:com.android.keychain,adj=15LRU num=63,i=17
I/LSS-II: ( 3199): proc in:com.sec.android.widgetapp.dualclockdigital,adj=15LRU num=63,i=14
D/dalvikvm( 4247): GC_CONCURRENT freed 12K, 15% free 17713K/20780K, paused 3ms+1ms, total 17ms
I/LSS-II: ( 3199): proc in:com.sec.android.widgetapp.easyfavoritescontactswidget,adj=15LRU num=63,i=12
I/LSS-II: ( 3199): proc in:com.sec.android.service.health.sensor,adj=15LRU num=63,i=7
D/dalvikvm( 4247): GC_CONCURRENT freed 322K, 15% free 17788K/20780K, paused 5ms+4ms, total 38ms
D/UsbHostManager( 3199): onUEvent(device) :: action = remove, devtype = usb_interface, device = /proc/bus/usb/002/073, product = 1a40/101/111, type = 9/0/1, interface = 9/0/0, devpath = /devices/platform/exynos-dwc3.0/exynos-xhci.0/usb2/2-1/2-1:1.0
D/Finsky  ( 4247): [1] 5.onFinished: Installation state replication succeeded.
I/LSS-II: ( 3199): proc wait in:com.android.chrome,adj=11LRU num=63,i=43
D/usbhost ( 3199): read (wd : 4) 073 (DELETE) (32:16)
D/usbhost ( 3199): watch [r:2][001:3][002:4][003:5][004:-1][005:-1][006:-1][007:-1][008:-1][009:-1]
E/UsbHostManager( 3199): usbDeviceRemoved :: deviceName = /dev/bus/usb/002/073
D/usbhost ( 3199): read (wd : 4) 074 (CREATE) (32:16)
D/UsbHostManager( 3199): onUEvent(device) :: action = add, devtype = usb_interface, device = /proc/bus/usb/002/074, product = 1a40/101/111, type = 9/0/1, interface = 9/0/0, devpath = /devices/platform/exynos-dwc3.0/exynos-xhci.0/usb2/2-1/2-1:1.0
D/usbhost ( 3199): watch [r:2][001:3][002:4][003:5][004:-1][005:-1][006:-1][007:-1][008:-1][009:-1]
D/UsbHostManager( 3199): usbDeviceAdded : device :: /dev/bus/usb/002/074 [1a40h:0101h] [09h,00h,01h] (Hub(Hi-speed hub with single TT ))
W/UsbHostManager( 3199): /dev/bus/usb/002/074 is put on a blocklist [1a40h:0101h:09h:00h:01h]
D/usbhost ( 3199): read (wd : 4) 075 (CREATE) (32:16)
D/UsbHostManager( 3199): usbDeviceAdded : device :: /dev/bus/usb/002/075 [2341h:003fh] [02h,00h,00h] (CDC Control)
D/UsbHostManager( 3199): usbDeviceAdded : interface :: /dev/bus/usb/002/075 [2341h:003fh] [02h,02h,01h] (CDC Control)
D/UsbHostManager( 3199): usbDeviceAdded : interface :: /dev/bus/usb/002/075 [2341h:003fh] [0ah,00h,00h] (CDC Data)
W/ContextImpl( 3199): Calling a method in the system process without a qualified user: android.app.ContextImpl.sendBroadcast:1323 com.android.server.usb.UsbSettingsManager.deviceAttached:619 com.android.server.usb.UsbHostManager.usbDeviceAdded:209 com.android.server.usb.UsbHostManager.monitorUsbHostBus:-2 com.android.server.usb.UsbHostManager.access$000:59 
D/UsbSettingsManager( 3199): resolveActivity : matches count = 1, defaultPackage = null
D/UsbSettingsManager( 3199): resolveActivity : UsbConfirmActivity
I/CustomFrequencyManager( 3199): newFrequencyRequest  - mFrequency = 1200000, mTimeoutMs = -1, mPkgName = ACTIVITY_RESUME_BOOSTER@3
I/CustomFrequencyManager( 3199): Boost Request from package = ACTIVITY_RESUME_BOOSTER@3 frequency : 1200000type = 6
I/CustomFrequencyManager( 3199): !! pkgName = ACTIVITY_RESUME_BOOSTER@3
I/CustomFrequencyManager( 3199): Request from package name pkgName = ACTIVITY_RESUME_BOOSTER@3
I/CustomFrequencyManager( 3199): mContext is Not Null  mContext.pkgName = android
I/CustomFrequencyManager( 3199): 2 Old token will be reused!
I/CustomFrequencyManager( 3199): CPUDVFSControlRequest : doFrequencyRequest::  = 1200000 Timeout : -1
I/power   ( 3199): *** acquire_dvfs_lock : lockType : 1  freq : 1200000 
I/CustomFrequencyManager( 3199): newFrequencyRequest  - mFrequency = 266, mTimeoutMs = -1, mPkgName = ACTIVITY_RESUME_BOOSTER@4
I/CustomFrequencyManager( 3199): Boost Request from package = ACTIVITY_RESUME_BOOSTER@4 frequency : 266type = 1
I/CustomFrequencyManager( 3199): !! pkgName = ACTIVITY_RESUME_BOOSTER@4
I/CustomFrequencyManager( 3199): Request from package name pkgName = ACTIVITY_RESUME_BOOSTER@4
I/CustomFrequencyManager( 3199): mContext is Not Null  mContext.pkgName = android
D/CustomFrequencyManagerService( 3199): acquireDVFSLockLocked : type : DVFS_MIN_LIMIT  frequency : 1200000  uid : 1000  pid : 3199  pkgName : ACTIVITY_RESUME_BOOSTER@3
I/CustomFrequencyManager( 3199): 2 Old token will be reused!
I/CustomFrequencyManager( 3199): GPU : doFrequencyRequest::  = 266 Timeout : -1
I/CustomFrequencyManager( 3199): GPU : doFrequencyRequest::  = 266 Timeout : -1
W/ActivityManager( 3199): mDVFSHelper.acquire()
W/ContextImpl( 3199): Calling a method in the system process without a qualified user: android.app.ContextImpl.sendBroadcast:1337 com.android.server.am.ActivityStack.startActivityUncheckedLocked:4460 com.android.server.am.ActivityStack.startActivityLocked:3944 com.android.server.am.ActivityStack.startActivityMayWait:4624 com.android.server.am.ActivityManagerService.startActivityAsUser:2947 
W/ContextImpl( 3199): Calling a method in the system process without a qualified user: android.app.ContextImpl.sendBroadcast:1337 com.android.server.am.ActivityStack.startPausingLocked:1315 com.android.server.am.ActivityStack.resumeTopActivityLocked:2383 com.android.server.am.ActivityStack.resumeTopActivityLocked:2169 com.android.server.am.ActivityStack.resumeTopActivityLocked:2155 
D/Launcher( 3513): onPause, Launcher: 1110880176
D/Launcher.HomeView( 3513): onPause
D/Launcher.Workspace( 3513): exitWidgetResizeMode State: NORMAL, newDragStarted: false
D/usbhost ( 3199): watch [r:2][001:3][002:4][003:5][004:-1][005:-1][006:-1][007:-1][008:-1][009:-1]
V/SmartFaceService - 3rd party pause( 3199): onReceive [android.intent.action.ACTIVITY_STATE/com.android.systemui/create]
V/SmartFaceService - 3rd party pause( 3199): onReceive [android.intent.action.ACTIVITY_STATE/com.sec.android.app.launcher/pause]
D/UsbHostManager( 3199): onUEvent(device) :: action = add, devtype = usb_interface, device = /proc/bus/usb/002/075, product = 2341/3f/1, type = 2/0/0, interface = 2/2/1, devpath = /devices/platform/exynos-dwc3.0/exynos-xhci.0/usb2/2-1/2-1.4/2-1.4:1.0
D/UsbHostManager( 3199): onUEvent(device) :: action = add, devtype = usb_interface, device = /proc/bus/usb/002/075, product = 2341/3f/1, type = 2/0/0, interface = 10/0/0, devpath = /devices/platform/exynos-dwc3.0/exynos-xhci.0/usb2/2-1/2-1.4/2-1.4:1.1
I/LSS-II: ( 3199): proc in:com.sec.pcw.device,adj=13LRU num=63,i=29
V/TaskCloserActivity( 3706): TaskCloserActivity onReceive() - com.sec.android.intent.action.HOME_PAUSE
D/ActivityManager( 3199): Trying to launch com.android.systemui/.usb.UsbConfirmActivity
D/WindowManager( 3199): computeScreenConfigurationLocked() set config.orientation=1 dw=1080 dh=1920 Callers=com.android.server.wm.WindowManagerService.updateOrientationFromAppTokensLocked:5124 com.android.server.wm.WindowManagerService.updateOrientationFromAppTokens:5093 com.android.server.am.ActivityStack.realStartActivityLocked:902 
D/PowerManagerService( 3199): setKeyboardVisibility: false
W/ContextImpl( 3199): Calling a method in the system process without a qualified user: android.app.ContextImpl.sendBroadcast:1323 com.android.server.am.ActivityManagerService.computeOomAdjLocked:14816 com.android.server.am.ActivityManagerService.computeOomAdjLocked:14476 com.android.server.am.ActivityManagerService.updateOomAdjLocked:15107 com.android.server.am.ActivityManagerService.updateOomAdjLocked:15299 
W/ContextImpl( 3199): Calling a method in the system process without a qualified user: android.app.ContextImpl.sendBroadcast:1323 com.android.server.am.ActivityManagerService.computeOomAdjLocked:14822 com.android.server.am.ActivityManagerService.computeOomAdjLocked:14476 com.android.server.am.ActivityManagerService.updateOomAdjLocked:15107 com.android.server.am.ActivityManagerService.updateOomAdjLocked:15299 
D/PointerIcon( 3199): setHoveringSpenIconStyle1 pointerType: 10001iconType:1 flag:0
D/PointerIcon( 3199): setHoveringSpenCustomIcon IconType is same.1
I/LSS-II: ( 3199): proc wait in:com.sec.android.app.videoplayer,adj=11LRU num=63,i=41
I/LSS-II: ( 3199): proc wait in:com.sec.factory,adj=11LRU num=63,i=42
I/SurfaceFlinger( 2459): id=622(102) createSurf 0x402fbcf4 (1x1),1 flag=4, VsbConfirmA
D/STATUSBAR-StatusBarManagerService( 3199): manageDisableList what=0x0 pkg=WindowManager.LayoutParams
D/PointerIcon( 3199): setHoveringSpenIconStyle1 pointerType: 10001iconType:1 flag:0
D/PointerIcon( 3199): setHoveringSpenCustomIcon IconType is same.1
V/WindowManager( 3199): Window{422f1780 u0 Keyguard}mOrientationRequetedFromKeyguard=false
I/power   ( 3199): *** release_dvfs_lock : lockType : 1 
D/CustomFrequencyManagerService( 3199): releaseDVFSLockLocked : Getting Lock type frm List : DVFS_MIN_LIMIT  frequency : 1200000  uid : 1000  pid : 3199  tag : ACTIVITY_RESUME_BOOSTER@3
W/ActivityManager( 3199): mDVFSHelper.release()
D/InputReader( 3199): Input event: value=1
I/InputReader( 3199): Touch event's action is 0x0 (deviceType=0) [pCnt=1, s=0.438 ] when=41038523040000
I/InputDispatcher( 3199): Delivering touch to current input target: action: 0x0
I/InputDispatcher( 3199): Delivering touch to current input target: action: 0x0
I/InputDispatcher( 3199): Delivering touch to current input target: action: 0x0
I/InputDispatcher( 3199): Delivering touch to current input target: action: 0x0
D/InputReader( 3199): Input event: value=0
I/InputReader( 3199): Touch event's action is 0x1 (deviceType=0) [pCnt=1, s=] when=41038577719000
I/InputDispatcher( 3199): Delivering touch to current input target: action: 0x1
I/InputDispatcher( 3199): Delivering touch to current input target: action: 0x1
I/InputDispatcher( 3199): Delivering touch to current input target: action: 0x1
I/InputDispatcher( 3199): Delivering touch to current input target: action: 0x1
D/GestureDetector( 3371): [Surface Touch Event] mSweepDown False, mLRSDCnt : -1 mTouchCnt : 5 mFalseSizeCnt:0
I/CustomFrequencyManager( 3199): newFrequencyRequest  - mFrequency = 1200000, mTimeoutMs = -1, mPkgName = ACTIVITY_RESUME_BOOSTER@3
I/CustomFrequencyManager( 3199): Boost Request from package = ACTIVITY_RESUME_BOOSTER@3 frequency : 1200000type = 6
I/CustomFrequencyManager( 3199): !! pkgName = ACTIVITY_RESUME_BOOSTER@3
I/CustomFrequencyManager( 3199): Request from package name pkgName = ACTIVITY_RESUME_BOOSTER@3
I/CustomFrequencyManager( 3199): mContext is Not Null  mContext.pkgName = android
I/CustomFrequencyManager( 3199): 2 Old token will be reused!
I/CustomFrequencyManager( 3199): CPUDVFSControlRequest : doFrequencyRequest::  = 1200000 Timeout : -1
I/power   ( 3199): *** acquire_dvfs_lock : lockType : 1  freq : 1200000 
I/CustomFrequencyManager( 3199): newFrequencyRequest  - mFrequency = 266, mTimeoutMs = -1, mPkgName = ACTIVITY_RESUME_BOOSTER@4
I/CustomFrequencyManager( 3199): Boost Request from package = ACTIVITY_RESUME_BOOSTER@4 frequency : 266type = 1
I/CustomFrequencyManager( 3199): !! pkgName = ACTIVITY_RESUME_BOOSTER@4
I/CustomFrequencyManager( 3199): Request from package name pkgName = ACTIVITY_RESUME_BOOSTER@4
I/CustomFrequencyManager( 3199): mContext is Not Null  mContext.pkgName = android
I/CustomFrequencyManager( 3199): 2 Old token will be reused!
I/CustomFrequencyManager( 3199): GPU : doFrequencyRequest::  = 266 Timeout : -1
I/CustomFrequencyManager( 3199): GPU : doFrequencyRequest::  = 266 Timeout : -1
D/CustomFrequencyManagerService( 3199): acquireDVFSLockLocked : type : DVFS_MIN_LIMIT  frequency : 1200000  uid : 1000  pid : 3199  pkgName : ACTIVITY_RESUME_BOOSTER@3
W/ActivityManager( 3199): mDVFSHelper.acquire()
W/ContextImpl( 3199): Calling a method in the system process without a qualified user: android.app.ContextImpl.sendBroadcast:1337 com.android.server.am.ActivityStack.startActivityUncheckedLocked:4460 com.android.server.am.ActivityStack.startActivityLocked:3944 com.android.server.am.ActivityStack.startActivityMayWait:4624 com.android.server.am.ActivityManagerService.startActivityAsUser:2947 
I/SurfaceFlinger( 2459): id=623(116) createSurf 0x403b0eec (1x1),2 flag=404, terialtest
W/ContextImpl( 3199): Calling a method in the system process without a qualified user: android.app.ContextImpl.sendBroadcast:1337 com.android.server.am.ActivityStack.startPausingLocked:1315 com.android.server.am.ActivityStack.resumeTopActivityLocked:2383 com.android.server.am.ActivityStack.resumeTopActivityLocked:2169 com.android.server.am.ActivityStack.resumeTopActivityLocked:2155 
V/SmartFaceService - 3rd party pause( 3199): onReceive [android.intent.action.ACTIVITY_STATE/com.icsl.serialtest/create]
V/SmartFaceService - 3rd party pause( 3199): onReceive [android.intent.action.ACTIVITY_STATE/com.android.systemui/pause]
V/WindowManager( 3199): Window{422f1780 u0 Keyguard}mOrientationRequetedFromKeyguard=false
D/PointerIcon( 3199): setHoveringSpenIconStyle1 pointerType: 10001iconType:1 flag:0
D/PointerIcon( 3199): setHoveringSpenCustomIcon IconType is same.1
D/SELinux (18872): selinux_knoxprecontexthook:  Calling  selinux_knoxprecontexthook for uid: 10222 isSystemServer: 0 seinfo: default pkgname com.icsl.serialtest
D/dalvikvm(18872): Late-enabling CheckJNI
I/dalvikvm(18872): Turning on JNI app bug workarounds for target SDK version 12...
V/WindowOrientationListener( 3199): mSContextAutoRotationListener.getProposedRotation, mbResultFaceDectection: false
V/WindowOrientationListener( 3199): mSContextAutoRotationListener.getProposedRotation, Rotation: 0
V/WindowOrientationListener( 3199): mSContextAutoRotationListener.getProposedRotation, mbResultFaceDectection: false
V/WindowOrientationListener( 3199): mSContextAutoRotationListener.getProposedRotation, Rotation: 0
V/WindowManager( 3199): rotationForOrientationLw(orient=-1, last=0); user=0 USER_ROTATION_LOCKED sensorRotation=0 isCoverOpen=true mLidState=-1 mDockMode=0 mHdmiPlugged=false mAccelerometerDefault=false
V/WindowManager( 3199): Application requested orientation -1, got rotation 0 which has compatible metrics
D/WindowManager( 3199): computeScreenConfigurationLocked() set config.orientation=1 dw=1080 dh=1920 Callers=com.android.server.wm.WindowManagerService.updateOrientationFromAppTokensLocked:5124 com.android.server.wm.WindowManagerService.updateOrientationFromAppTokens:5093 com.android.server.am.ActivityStack.realStartActivityLocked:902 
D/PowerManagerService( 3199): setKeyboardVisibility: false
D/Launcher( 3513): onStop, Launcher: 1110880176
D/Launcher.HomeView( 3513): onStop
W/ContextImpl( 3199): Calling a method in the system process without a qualified user: android.app.ContextImpl.sendBroadcast:1323 com.android.server.am.ActivityManagerService.computeOomAdjLocked:14816 com.android.server.am.ActivityManagerService.updateOomAdjLocked:15107 com.android.server.am.ActivityManagerService.updateOomAdjLocked:15299 com.android.server.am.ActivityManagerService.updateLruProcessLocked:2175 
W/ContextImpl( 3199): Calling a method in the system process without a qualified user: android.app.ContextImpl.sendBroadcast:1323 com.android.server.am.ActivityManagerService.computeOomAdjLocked:14822 com.android.server.am.ActivityManagerService.updateOomAdjLocked:15107 com.android.server.am.ActivityManagerService.updateOomAdjLocked:15299 com.android.server.am.ActivityManagerService.updateLruProcessLocked:2175 
V/WindowManager( 3199): Window{422f1780 u0 Keyguard}mOrientationRequetedFromKeyguard=false
W/ContextImpl( 3199): Calling a method in the system process without a qualified user: android.app.ContextImpl.sendBroadcast:1323 com.android.internal.policy.impl.PhoneWindowManager.notifyToSSRM:4698 com.android.internal.policy.impl.PhoneWindowManager.access$200:224 com.android.internal.policy.impl.PhoneWindowManager$PolicyHandler.handleMessage:646 android.os.Handler.dispatchMessage:99 
V/WindowManager( 3199): Window{422f1780 u0 Keyguard}mOrientationRequetedFromKeyguard=false
D/ProgressBar(18872): setProgressDrawable mProgressDrawable = null, d = android.graphics.drawable.LayerDrawable@422ca108needUpdate = false
D/ProgressBar(18872): setProgressDrawable drawableHeight = 48
D/ProgressBar(18872): setProgress = 0
D/ProgressBar(18872): setProgress = 0, fromUser = false
D/ProgressBar(18872): mProgress = 0mIndeterminate = false, mMin = 0, mMax = 100
D/Launcher( 3513): onTrimMemory. Level: 20
D/AbsListView(18872): Get MotionRecognitionManager
D/MotionRecognitionService( 3199):  ssp status : true
V/WindowManager( 3199): Window{422f1780 u0 Keyguard}mOrientationRequetedFromKeyguard=false
D/AbsListView(18872): onVisibilityChanged() is called, visibility : 4
D/AbsListView(18872): unregisterIRListener() is called 
D/AbsListView(18872): onVisibilityChanged() is called, visibility : 0
D/AbsListView(18872): unregisterIRListener() is called 
D/DeviceListActivity(18872): Refreshing device list ...
D/AbsListView(18872): unregisterIRListener() is called 
I/endeffect(18872): AbsListView.onMeasure(), getWidth()=0, getHeight()=0, this=android.widget.ListView{422ce7a0 V.ED.VC. ......I. 0,0-0,0 #7f060004 app:id/deviceList}
V/WindowManager( 3199): Window{422f1780 u0 Keyguard}mOrientationRequetedFromKeyguard=false
D/STATUSBAR-PhoneStatusBar( 3371): animateCollapsePanels
I/endeffect(18872): AbsListView.onMeasure(), getWidth()=0, getHeight()=0, this=android.widget.ListView{422ce7a0 V.ED.VC. ......I. 0,0-0,0 #7f060004 app:id/deviceList}
I/SurfaceFlinger( 2459): id=624(1) createSurf 0x403b7c3c (1080x1920),2 flag=404, EeviceListA
D/PointerIcon( 3199): setHoveringSpenIconStyle1 pointerType: 10001iconType:1 flag:0
D/PointerIcon( 3199): setHoveringSpenCustomIcon IconType is same.1
V/WindowManager( 3199): Window{422f1780 u0 Keyguard}mOrientationRequetedFromKeyguard=false
D/STATUSBAR-StatusBarManagerService( 3199): manageDisableList what=0x0 pkg=WindowManager.LayoutParams
D/ProgressBar(18872): updateDrawableBounds: left = 0
D/ProgressBar(18872): updateDrawableBounds: top = 0
D/ProgressBar(18872): updateDrawableBounds: right = 1032
D/ProgressBar(18872): updateDrawableBounds: bottom = 48
D/ProgressBar(18872): updateDrawableBounds: mProgressDrawable.setBounds()
D/AbsListView(18872): unregisterIRListener() is called 
I/endeffect(18872): AbsListView.onLayout(), getWidth()=1080, getHeight()=0, this=android.widget.ListView{422ce7a0 V.ED.VC. ......ID 0,317-1080,317 #7f060004 app:id/deviceList}
V/PhoneStatusBar( 3371): setLightsOn(true)
D/AbsListView(18872): unregisterIRListener() is called 
W/ContextImpl( 3199): Calling a method in the system process without a qualified user: android.app.ContextImpl.sendBroadcast:1323 com.android.server.InputMethodManagerService$5.run:2252 java.lang.Thread.run:856 <bottom of call stack> <bottom of call stack> 
I/endeffect(18872): AbsListView.onMeasure(), getWidth()=1080, getHeight()=0, this=android.widget.ListView{422ce7a0 V.ED.VC. ......I. 0,317-1080,317 #7f060004 app:id/deviceList}
I/endeffect(18872): AbsListView.onMeasure(), getWidth()=1080, getHeight()=0, this=android.widget.ListView{422ce7a0 V.ED.VC. ......I. 0,317-1080,317 #7f060004 app:id/deviceList}
D/AbsListView(18872): unregisterIRListener() is called 
I/endeffect(18872): AbsListView.onLayout(), getWidth()=1080, getHeight()=0, this=android.widget.ListView{422ce7a0 V.ED.VC. ......ID 0,317-1080,317 #7f060004 app:id/deviceList}
I/power   ( 3199): *** release_dvfs_lock : lockType : 1 
D/CustomFrequencyManagerService( 3199): releaseDVFSLockLocked : Getting Lock type frm List : DVFS_MIN_LIMIT  frequency : 1200000  uid : 1000  pid : 3199  tag : ACTIVITY_RESUME_BOOSTER@3
W/ActivityManager( 3199): mDVFSHelper.release()
I/SurfaceFlinger( 2459): id=622 Removed VsbConfirmA (3/7)
I/SurfaceFlinger( 2459): id=621 Removed Mauncher (1/6)
I/SurfaceFlinger( 2459): id=622 Removed VsbConfirmA (-2/6)
I/SurfaceFlinger( 2459): id=621 Removed Mauncher (-2/6)
I/SurfaceFlinger( 2459): id=623 Removed terialtest (4/5)
I/SurfaceFlinger( 2459): id=623 Removed terialtest (-2/5)
D/UsbHostManager( 3199):  ::: openDevice : /dev/bus/usb/002/075
D/DeviceListActivity(18872): Found usb device: UsbDevice[mName=/dev/bus/usb/002/075,mVendorId=9025,mProductId=63,mClass=2,mSubclass=0,mProtocol=0,mInterfaces=[Landroid.os.Parcelable;@42310b48]
D/DeviceListActivity(18872):   + com.hoho.android.usbserial.driver.CdcAcmSerialDriver@42313718
D/DeviceListActivity(18872): Done refreshing, 1 entries found.
I/endeffect(18872): AbsListView.onMeasure(), getWidth()=1080, getHeight()=0, this=android.widget.ListView{422ce7a0 VFED.VC. .F....ID 0,317-1080,317 #7f060004 app:id/deviceList}
I/endeffect(18872): AbsListView.onMeasure(), getWidth()=1080, getHeight()=0, this=android.widget.ListView{422ce7a0 VFED.VC. .F....ID 0,317-1080,317 #7f060004 app:id/deviceList}
D/AbsListView(18872): unregisterIRListener() is called 
I/endeffect(18872): AbsListView.onLayout(), getWidth()=1080, getHeight()=192, this=android.widget.ListView{422ce7a0 VFED.VC. .F....ID 0,317-1080,509 #7f060004 app:id/deviceList}
E/SpannableStringBuilder(18872): SPAN_EXCLUSIVE_EXCLUSIVE spans cannot have a zero length
E/SpannableStringBuilder(18872): SPAN_EXCLUSIVE_EXCLUSIVE spans cannot have a zero length
D/DisplayPowerController( 3199): [DAB] updateAutoBrightnessSEC : 108(108.0)    13.0 < 140.23839 < 417.0 (0.0)
D/DisplayPowerController( 3199): [DAB] mAmbientLux = 140.23839, newScreenAutoBrightness = 108
I/DisplayPowerController( 3199): [DAB] fileWriteInt : /sys/class/backlight/panel/auto_brightness  value : 2
D/DisplayPowerController( 3199): animation target = 108(false, (-1 ~ -1), ( < -1)
D/lights  ( 3199): lcd : 36 +
D/InputReader( 3199): Input event: value=1
I/InputReader( 3199): Touch event's action is 0x0 (deviceType=0) [pCnt=1, s=0.439 ] when=41040840343000
I/InputDispatcher( 3199): Delivering touch to current input target: action: 0x0
I/InputDispatcher( 3199): Delivering touch to current input target: action: 0x0
I/InputDispatcher( 3199): Delivering touch to current input target: action: 0x0
I/InputDispatcher( 3199): Delivering touch to current input target: action: 0x0
D/lights  ( 3199): lcd : 36 -
D/lights  ( 3199): lcd : 44 +
D/lights  ( 3199): lcd : 44 -
D/lights  ( 3199): lcd : 61 +
D/lights  ( 3199): lcd : 61 -
D/lights  ( 3199): lcd : 78 +
D/lights  ( 3199): lcd : 78 -
D/lights  ( 3199): lcd : 86 +
I/CustomFrequencyManager(18872): newFrequencyRequest  - mFrequency = 800000, mTimeoutMs = -1, mPkgName = LIST_SCROLL_BOOSTER@1
I/CustomFrequencyManager(18872): Boost Request from package = LIST_SCROLL_BOOSTER@1 frequency : 800000type = 6
I/CustomFrequencyManager(18872): !! pkgName = LIST_SCROLL_BOOSTER@1
I/CustomFrequencyManager(18872): Request from package name pkgName = LIST_SCROLL_BOOSTER@1
I/CustomFrequencyManager(18872): mContext is Not Null  mContext.pkgName = com.icsl.serialtest
I/CustomFrequencyManager(18872): mToken is Null....Creating New Binder!
I/CustomFrequencyManager(18872): CPUDVFSControlRequest : doFrequencyRequest::  = 800000 Timeout : -1
I/power   ( 3199): *** acquire_dvfs_lock : lockType : 1  freq : 800000 
D/CustomFrequencyManagerService( 3199): acquireDVFSLockLocked : type : DVFS_MIN_LIMIT  frequency : 800000  uid : 10222  pid : 18872  pkgName : LIST_SCROLL_BOOSTER@1
D/InputReader( 3199): Input event: value=0
I/InputReader( 3199): Touch event's action is 0x1 (deviceType=0) [pCnt=1, s=] when=41040939975000
I/InputDispatcher( 3199): Delivering touch to current input target: action: 0x1
I/InputDispatcher( 3199): Delivering touch to current input target: action: 0x1
I/InputDispatcher( 3199): Delivering touch to current input target: action: 0x1
I/InputDispatcher( 3199): Delivering touch to current input target: action: 0x1
D/GestureDetector(18872): [Surface Touch Event] mSweepDown False, mLRSDCnt : -1 mTouchCnt : 7 mFalseSizeCnt:0
I/power   ( 3199): *** release_dvfs_lock : lockType : 1 
D/CustomFrequencyManagerService( 3199): releaseDVFSLockLocked : Getting Lock type frm List : DVFS_MIN_LIMIT  frequency : 800000  uid : 10222  pid : 18872  tag : LIST_SCROLL_BOOSTER@1
D/lights  ( 3199): lcd : 86 -
D/lights  ( 3199): lcd : 108 +
D/RampAnimator( 3199): Light Animator Finished currentValue=108
D/lights  ( 3199): lcd : 108 -
I/SktDrmDevice( 2463): network_regist : , radiostate : 0
I/SktDrmDevice( 2463): SKTDRM_IsServiceArea : 0
I/Monitor ( 3199): SIOP:: Current AP = 390, CP = 0
D/InputReader( 3199): Input event: value=1
I/InputReader( 3199): Touch event's action is 0x0 (deviceType=0) [pCnt=1, s=0.440 ] when=41041441651000
I/InputDispatcher( 3199): Delivering touch to current input target: action: 0x0
I/InputDispatcher( 3199): Delivering touch to current input target: action: 0x0
I/InputDispatcher( 3199): Delivering touch to current input target: action: 0x0
I/InputDispatcher( 3199): Delivering touch to current input target: action: 0x0
D/InputReader( 3199): Input event: value=0
I/InputReader( 3199): Touch event's action is 0x1 (deviceType=0) [pCnt=1, s=] when=41041533212000
I/InputDispatcher( 3199): Delivering touch to current input target: action: 0x1
I/InputDispatcher( 3199): Delivering touch to current input target: action: 0x1
I/InputDispatcher( 3199): Delivering touch to current input target: action: 0x1
I/InputDispatcher( 3199): Delivering touch to current input target: action: 0x1
D/GestureDetector(18872): [Surface Touch Event] mSweepDown False, mLRSDCnt : -1 mTouchCnt : 7 mFalseSizeCnt:0
D/DeviceListActivity(18872): Pressed item 0
I/CustomFrequencyManager( 3199): newFrequencyRequest  - mFrequency = 1200000, mTimeoutMs = -1, mPkgName = ACTIVITY_RESUME_BOOSTER@3
I/CustomFrequencyManager( 3199): Boost Request from package = ACTIVITY_RESUME_BOOSTER@3 frequency : 1200000type = 6
I/CustomFrequencyManager( 3199): !! pkgName = ACTIVITY_RESUME_BOOSTER@3
I/CustomFrequencyManager( 3199): Request from package name pkgName = ACTIVITY_RESUME_BOOSTER@3
I/CustomFrequencyManager( 3199): mContext is Not Null  mContext.pkgName = android
I/CustomFrequencyManager( 3199): 2 Old token will be reused!
I/CustomFrequencyManager( 3199): CPUDVFSControlRequest : doFrequencyRequest::  = 1200000 Timeout : -1
I/power   ( 3199): *** acquire_dvfs_lock : lockType : 1  freq : 1200000 
I/CustomFrequencyManager( 3199): newFrequencyRequest  - mFrequency = 266, mTimeoutMs = -1, mPkgName = ACTIVITY_RESUME_BOOSTER@4
I/CustomFrequencyManager( 3199): Boost Request from package = ACTIVITY_RESUME_BOOSTER@4 frequency : 266type = 1
I/CustomFrequencyManager( 3199): !! pkgName = ACTIVITY_RESUME_BOOSTER@4
I/CustomFrequencyManager( 3199): Request from package name pkgName = ACTIVITY_RESUME_BOOSTER@4
I/CustomFrequencyManager( 3199): mContext is Not Null  mContext.pkgName = android
I/CustomFrequencyManager( 3199): 2 Old token will be reused!
I/CustomFrequencyManager( 3199): GPU : doFrequencyRequest::  = 266 Timeout : -1
I/CustomFrequencyManager( 3199): GPU : doFrequencyRequest::  = 266 Timeout : -1
D/CustomFrequencyManagerService( 3199): acquireDVFSLockLocked : type : DVFS_MIN_LIMIT  frequency : 1200000  uid : 1000  pid : 3199  pkgName : ACTIVITY_RESUME_BOOSTER@3
W/ActivityManager( 3199): mDVFSHelper.acquire()
W/ContextImpl( 3199): Calling a method in the system process without a qualified user: android.app.ContextImpl.sendBroadcast:1337 com.android.server.am.ActivityStack.startActivityUncheckedLocked:4460 com.android.server.am.ActivityStack.startActivityLocked:3944 com.android.server.am.ActivityStack.startActivityMayWait:4624 com.android.server.am.ActivityManagerService.startActivityAsUser:2947 
W/ContextImpl( 3199): Calling a method in the system process without a qualified user: android.app.ContextImpl.sendBroadcast:1337 com.android.server.am.ActivityStack.startPausingLocked:1315 com.android.server.am.ActivityStack.resumeTopActivityLocked:2383 com.android.server.am.ActivityStack.resumeTopActivityLocked:2169 com.android.server.am.ActivityStack.resumeTopActivityLocked:2155 
V/SmartFaceService - 3rd party pause( 3199): onReceive [android.intent.action.ACTIVITY_STATE/com.icsl.serialtest/create]
V/SmartFaceService - 3rd party pause( 3199): onReceive [android.intent.action.ACTIVITY_STATE/com.icsl.serialtest/pause]
D/ActivityManager( 3199): Trying to launch com.icsl.serialtest/.SerialConsoleActivity
D/WindowManager( 3199): computeScreenConfigurationLocked() set config.orientation=1 dw=1080 dh=1920 Callers=com.android.server.wm.WindowManagerService.updateOrientationFromAppTokensLocked:5124 com.android.server.wm.WindowManagerService.updateOrientationFromAppTokens:5093 com.android.server.am.ActivityStack.realStartActivityLocked:902 
D/PowerManagerService( 3199): setKeyboardVisibility: false
D/PointerIcon( 3199): setHoveringSpenIconStyle1 pointerType: 10001iconType:1 flag:0
D/PointerIcon( 3199): setHoveringSpenCustomIcon IconType is same.1
W/ContextImpl( 3199): Calling a method in the system process without a qualified user: android.app.ContextImpl.sendBroadcast:1323 com.android.internal.policy.impl.PhoneWindowManager.notifyToSSRM:4698 com.android.internal.policy.impl.PhoneWindowManager.access$200:224 com.android.internal.policy.impl.PhoneWindowManager$PolicyHandler.handleMessage:646 android.os.Handler.dispatchMessage:99 
D/SerialConsoleActivity(18872): Resumed, sDriver=com.hoho.android.usbserial.driver.CdcAcmSerialDriver@42313718
D/CdcAcmSerialDriver(18872): claiming interfaces, count=2
D/CdcAcmSerialDriver(18872): Claiming control interface.
D/CdcAcmSerialDriver(18872): Control iface=UsbInterface[mId=0,mClass=2,mSubclass=2,mProtocol=1,mEndpoints=[Landroid.os.Parcelable;@42310e60]
D/CdcAcmSerialDriver(18872): Control endpoint direction: 128
D/CdcAcmSerialDriver(18872): Claiming data interface.
D/CdcAcmSerialDriver(18872): data iface=UsbInterface[mId=1,mClass=10,mSubclass=0,mProtocol=0,mEndpoints=[Landroid.os.Parcelable;@42311168]
D/CdcAcmSerialDriver(18872): Read endpoint direction: 128
D/CdcAcmSerialDriver(18872): Write endpoint direction: 0
I/SerialConsoleActivity(18872): Starting io manager ..
I/SerialInputOutputManager(18872): Running ..
D/AbsListView(18872): unregisterIRListener() is called 
I/SurfaceFlinger( 2459): id=625(2) createSurf 0x402fbfb4 (1x1),2 flag=404, TerialConso
V/PhoneStatusBar( 3371): setLightsOn(true)
D/STATUSBAR-StatusBarManagerService( 3199): manageDisableList what=0x0 pkg=WindowManager.LayoutParams
D/PointerIcon( 3199): setHoveringSpenIconStyle1 pointerType: 10001iconType:1 flag:0
D/PointerIcon( 3199): setHoveringSpenCustomIcon IconType is same.1
V/WindowManager( 3199): Window{422f1780 u0 Keyguard}mOrientationRequetedFromKeyguard=false
W/ContextImpl( 3199): Calling a method in the system process without a qualified user: android.app.ContextImpl.sendBroadcast:1323 com.android.internal.policy.impl.PhoneWindowManager.notifyToSSRM:4698 com.android.internal.policy.impl.PhoneWindowManager.access$200:224 com.android.internal.policy.impl.PhoneWindowManager$PolicyHandler.handleMessage:646 android.os.Handler.dispatchMessage:99 
W/ContextImpl( 3199): Calling a method in the system process without a qualified user: android.app.ContextImpl.sendBroadcast:1323 com.android.server.InputMethodManagerService$5.run:2252 java.lang.Thread.run:856 <bottom of call stack> <bottom of call stack> 
V/WindowManager( 3199): Window{422f1780 u0 Keyguard}mOrientationRequetedFromKeyguard=false
E/SpannableStringBuilder(18872): SPAN_EXCLUSIVE_EXCLUSIVE spans cannot have a zero length
E/SpannableStringBuilder(18872): SPAN_EXCLUSIVE_EXCLUSIVE spans cannot have a zero length
D/AbsListView(18872): onVisibilityChanged() is called, visibility : 4
D/AbsListView(18872): unregisterIRListener() is called 
V/WindowManager( 3199): Window{422f1780 u0 Keyguard}mOrientationRequetedFromKeyguard=false
I/power   ( 3199): *** release_dvfs_lock : lockType : 1 
D/CustomFrequencyManagerService( 3199): releaseDVFSLockLocked : Getting Lock type frm List : DVFS_MIN_LIMIT  frequency : 1200000  uid : 1000  pid : 3199  tag : ACTIVITY_RESUME_BOOSTER@3
W/ActivityManager( 3199): mDVFSHelper.release()
I/SurfaceFlinger( 2459): id=624 Removed EeviceListA (3/5)
I/SurfaceFlinger( 2459): id=624 Removed EeviceListA (-2/5)
D/SerialInputOutputManager(18872): Read data len=3
I/SerialConsoleActivity(18872): Bob is: 0
D/AndroidRuntime(18872): Shutting down VM
W/dalvikvm(18872): threadid=1: thread exiting with uncaught exception (group=0x41170930)
E/AndroidRuntime(18872): FATAL EXCEPTION: main
E/AndroidRuntime(18872): java.lang.ArrayIndexOutOfBoundsException: length=5; index=5
E/AndroidRuntime(18872): 	at com.icsl.serialtest.SerialConsoleActivity$1$1.run(SerialConsoleActivity.java:109)
E/AndroidRuntime(18872): 	at android.os.Handler.handleCallback(Handler.java:725)
E/AndroidRuntime(18872): 	at android.os.Handler.dispatchMessage(Handler.java:92)
E/AndroidRuntime(18872): 	at android.os.Looper.loop(Looper.java:137)
E/AndroidRuntime(18872): 	at android.app.ActivityThread.main(ActivityThread.java:5293)
E/AndroidRuntime(18872): 	at java.lang.reflect.Method.invokeNative(Native Method)
E/AndroidRuntime(18872): 	at java.lang.reflect.Method.invoke(Method.java:511)
E/AndroidRuntime(18872): 	at com.android.internal.os.ZygoteInit$MethodAndArgsCaller.run(ZygoteInit.java:1102)
E/AndroidRuntime(18872): 	at com.android.internal.os.ZygoteInit.main(ZygoteInit.java:869)
E/AndroidRuntime(18872): 	at dalvik.system.NativeStart.main(Native Method)
W/Settings( 3199): Setting dropbox_age_seconds has moved from android.provider.Settings.Secure to android.provider.Settings.Global.
W/ContextImpl( 3199): Calling a method in the system process without a qualified user: android.app.ContextImpl.sendBroadcast:1337 com.android.server.am.ActivityStack.startPausingLocked:1315 com.android.server.am.ActivityStack.finishActivityLocked:5712 com.android.server.am.ActivityStack.finishActivityLocked:5626 com.android.server.am.ActivityManagerService.handleAppCrashLocked:9419 
V/SmartFaceService - 3rd party pause( 3199): onReceive [android.intent.action.ACTIVITY_STATE/com.icsl.serialtest/pause]
D/CrashAnrDetector( 3199): processName: com.icsl.serialtest
D/CrashAnrDetector( 3199): storeEvent : com.icsl.serialtest data_app_crash
I/dumpstate(18905): begin
D/PointerIcon( 3199): setHoveringSpenIconStyle1 pointerType: 10001iconType:1 flag:0
D/PointerIcon( 3199): setHoveringSpenCustomIcon IconType is same.1
D/STATUSBAR-StatusBarManagerService( 3199): manageDisableList what=0x0 pkg=WindowManager.LayoutParams
E/SmartFaceService - 3rd party pause( 3199): onChange, mOptionMenuOpened: false mSystemDialogOpened: true
I/SurfaceFlinger( 2459): id=626(117) createSurf 0x41979d5c (1x1),1 flag=4, terialtest
W/ContextImpl( 3199): Calling a method in the system process without a qualified user: android.app.ContextImpl.sendBroadcast:1323 com.android.internal.policy.impl.PhoneWindowManager.notifyToSSRM:4698 com.android.internal.policy.impl.PhoneWindowManager.access$200:224 com.android.internal.policy.impl.PhoneWindowManager$PolicyHandler.handleMessage:646 android.os.Handler.dispatchMessage:99 
E/android.os.Debug( 3199): !@Dumpstate > sdumpstate -k -t -z -d -o /data/log/dumpstate_app_error
I/CustomFrequencyManager( 3199): newFrequencyRequest  - mFrequency = 1200000, mTimeoutMs = -1, mPkgName = ACTIVITY_RESUME_BOOSTER@3
I/CustomFrequencyManager( 3199): Boost Request from package = ACTIVITY_RESUME_BOOSTER@3 frequency : 1200000type = 6
I/CustomFrequencyManager( 3199): !! pkgName = ACTIVITY_RESUME_BOOSTER@3
I/CustomFrequencyManager( 3199): Request from package name pkgName = ACTIVITY_RESUME_BOOSTER@3
I/CustomFrequencyManager( 3199): mContext is Not Null  mContext.pkgName = android
I/CustomFrequencyManager( 3199): 2 Old token will be reused!
I/CustomFrequencyManager( 3199): CPUDVFSControlRequest : doFrequencyRequest::  = 1200000 Timeout : -1
I/power   ( 3199): *** acquire_dvfs_lock : lockType : 1  freq : 1200000 
D/CustomFrequencyManagerService( 3199): acquireDVFSLockLocked : type : DVFS_MIN_LIMIT  frequency : 1200000  uid : 1000  pid : 3199  pkgName : ACTIVITY_RESUME_BOOSTER@3
I/CustomFrequencyManager( 3199): newFrequencyRequest  - mFrequency = 266, mTimeoutMs = -1, mPkgName = ACTIVITY_RESUME_BOOSTER@4
I/CustomFrequencyManager( 3199): Boost Request from package = ACTIVITY_RESUME_BOOSTER@4 frequency : 266type = 1
I/CustomFrequencyManager( 3199): !! pkgName = ACTIVITY_RESUME_BOOSTER@4
I/CustomFrequencyManager( 3199): Request from package name pkgName = ACTIVITY_RESUME_BOOSTER@4
I/CustomFrequencyManager( 3199): mContext is Not Null  mContext.pkgName = android
I/CustomFrequencyManager( 3199): 2 Old token will be reused!
I/CustomFrequencyManager( 3199): GPU : doFrequencyRequest::  = 266 Timeout : -1
I/CustomFrequencyManager( 3199): GPU : doFrequencyRequest::  = 266 Timeout : -1
W/ActivityManager( 3199): mDVFSHelper.acquire()
D/WindowManager( 3199): computeScreenConfigurationLocked() set config.orientation=1 dw=1080 dh=1920 Callers=com.android.server.wm.WindowManagerService.updateOrientationFromAppTokensLocked:5124 com.android.server.wm.WindowManagerService.updateOrientationFromAppTokens:5093 com.android.server.am.ActivityStack.resumeTopActivityLocked:2558 
D/PowerManagerService( 3199): setKeyboardVisibility: false
W/ContextImpl( 3199): Calling a method in the system process without a qualified user: android.app.ContextImpl.sendBroadcast:1337 com.android.server.am.ActivityStack.resumeTopActivityLocked:2622 com.android.server.am.ActivityStack.resumeTopActivityLocked:2169 com.android.server.am.ActivityStack.resumeTopActivityLocked:2155 com.android.server.am.ActivityStack.completePauseLocked:1623 
V/SmartFaceService - 3rd party pause( 3199): onReceive [android.intent.action.ACTIVITY_STATE/com.icsl.serialtest/resume]
D/SerialInputOutputManager(18872): Read data len=3
I/power   ( 3199): *** release_dvfs_lock : lockType : 1 
D/CustomFrequencyManagerService( 3199): releaseDVFSLockLocked : Getting Lock type frm List : DVFS_MIN_LIMIT  frequency : 1200000  uid : 1000  pid : 3199  tag : ACTIVITY_RESUME_BOOSTER@3
W/ActivityManager( 3199): mDVFSHelper.release()
D/SerialInputOutputManager(18872): Read data len=3
D/SerialInputOutputManager(18872): Read data len=3
D/InputReader( 3199): Input event: value=1
I/InputReader( 3199): Touch event's action is 0x0 (deviceType=0) [pCnt=1, s=0.441 ] when=41048211411000
I/InputDispatcher( 3199): Delivering touch to current input target: action: 0x0
I/InputDispatcher( 3199): Delivering touch to current input target: action: 0x0
I/InputDispatcher( 3199): Delivering touch to current input target: action: 0x0
I/InputDispatcher( 3199): Delivering touch to current input target: action: 0x0
V/WindowManager( 3199): Window{422f1780 u0 Keyguard}mOrientationRequetedFromKeyguard=false
D/InputReader( 3199): Input event: value=0
I/InputReader( 3199): Touch event's action is 0x1 (deviceType=0) [pCnt=1, s=] when=41048667537000
I/InputDispatcher( 3199): Delivering touch to current input target: action: 0x1
I/InputDispatcher( 3199): Delivering touch to current input target: action: 0x1
I/InputDispatcher( 3199): Delivering touch to current input target: action: 0x1
I/InputDispatcher( 3199): Delivering touch to current input target: action: 0x1
D/GestureDetector( 3199): [Surface Touch Event] mSweepDown False, mLRSDCnt : -1 mTouchCnt : 16 mFalseSizeCnt:0
I/Process (18872): Sending signal. PID: 18872 SIG: 9
E/SmartFaceService - 3rd party pause( 3199): onChange, mOptionMenuOpened: false mSystemDialogOpened: false
D/PointerIcon( 3199): setHoveringSpenIconStyle1 pointerType: 10001iconType:1 flag:0
D/PointerIcon( 3199): setHoveringSpenCustomIcon IconType is same.1
E/ViewRootImpl( 3199): sendUserActionEvent() mView == null
W/InputDispatcher( 3199): channel ~ Consumer closed input channel or an error occurred.  events=0x9
E/InputDispatcher( 3199): channel ~ Channel is unrecoverably broken and will be disposed!
W/InputDispatcher( 3199): Attempted to unregister already unregistered input channel
I/CustomFrequencyManager( 3199): newFrequencyRequest  - mFrequency = 1200000, mTimeoutMs = -1, mPkgName = ACTIVITY_RESUME_BOOSTER@3
I/CustomFrequencyManager( 3199): Boost Request from package = ACTIVITY_RESUME_BOOSTER@3 frequency : 1200000type = 6
I/CustomFrequencyManager( 3199): !! pkgName = ACTIVITY_RESUME_BOOSTER@3
I/CustomFrequencyManager( 3199): Request from package name pkgName = ACTIVITY_RESUME_BOOSTER@3
I/CustomFrequencyManager( 3199): mContext is Not Null  mContext.pkgName = android
I/CustomFrequencyManager( 3199): 2 Old token will be reused!
I/CustomFrequencyManager( 3199): CPUDVFSControlRequest : doFrequencyRequest::  = 1200000 Timeout : -1
I/power   ( 3199): *** acquire_dvfs_lock : lockType : 1  freq : 1200000 
I/ActivityManager( 3199): Process com.icsl.serialtest (pid 18872) (adj 0) has died.
W/ContextImpl( 3199): Calling a method in the system process without a qualified user: android.app.ContextImpl.sendBroadcast:1323 com.android.server.am.ActivityManagerService.cleanUpApplicationRecordLocked:12306 com.android.server.am.ActivityManagerService.handleAppDiedLocked:3528 com.android.server.am.ActivityManagerService.appDiedLocked:3632 com.android.server.am.ActivityManagerService$AppDeathRecipient.binderDied:980 
D/CustomFrequencyManagerService( 3199): acquireDVFSLockLocked : type : DVFS_MIN_LIMIT  frequency : 1200000  uid : 1000  pid : 3199  pkgName : ACTIVITY_RESUME_BOOSTER@3
I/CustomFrequencyManager( 3199): newFrequencyRequest  - mFrequency = 266, mTimeoutMs = -1, mPkgName = ACTIVITY_RESUME_BOOSTER@4
I/CustomFrequencyManager( 3199): Boost Request from package = ACTIVITY_RESUME_BOOSTER@4 frequency : 266type = 1
I/CustomFrequencyManager( 3199): !! pkgName = ACTIVITY_RESUME_BOOSTER@4
I/CustomFrequencyManager( 3199): Request from package name pkgName = ACTIVITY_RESUME_BOOSTER@4
I/CustomFrequencyManager( 3199): mContext is Not Null  mContext.pkgName = android
I/CustomFrequencyManager( 3199): 2 Old token will be reused!
I/CustomFrequencyManager( 3199): GPU : doFrequencyRequest::  = 266 Timeout : -1
I/CustomFrequencyManager( 3199): GPU : doFrequencyRequest::  = 266 Timeout : -1
W/ActivityManager( 3199): mDVFSHelper.acquire()
V/WindowManager( 3199): Window{422f1780 u0 Keyguard}mOrientationRequetedFromKeyguard=false
D/SELinux (18945): selinux_knoxprecontexthook:  Calling  selinux_knoxprecontexthook for uid: 10222 isSystemServer: 0 seinfo: default pkgname com.icsl.serialtest
D/dalvikvm(18945): Late-enabling CheckJNI
I/dalvikvm(18945): Turning on JNI app bug workarounds for target SDK version 12...
I/SurfaceFlinger( 2459): id=627(118) createSurf 0x414c8ab4 (1x1),2 flag=404, terialtest
V/WindowManager( 3199): Window{422f1780 u0 Keyguard}mOrientationRequetedFromKeyguard=false
W/ContextImpl( 3199): Calling a method in the system process without a qualified user: android.app.ContextImpl.sendBroadcast:1323 com.android.internal.policy.impl.PhoneWindowManager.notifyToSSRM:4698 com.android.internal.policy.impl.PhoneWindowManager.access$200:224 com.android.internal.policy.impl.PhoneWindowManager$PolicyHandler.handleMessage:646 android.os.Handler.dispatchMessage:99 
V/WindowManager( 3199): Window{422f1780 u0 Keyguard}mOrientationRequetedFromKeyguard=false
D/WindowManager( 3199): computeScreenConfigurationLocked() set config.orientation=1 dw=1080 dh=1920 Callers=com.android.server.wm.WindowManagerService.updateOrientationFromAppTokensLocked:5124 com.android.server.wm.WindowManagerService.updateOrientationFromAppTokens:5093 com.android.server.am.ActivityStack.realStartActivityLocked:902 
D/PowerManagerService( 3199): setKeyboardVisibility: false
W/ContextImpl( 3199): Calling a method in the system process without a qualified user: android.app.ContextImpl.sendBroadcast:1323 com.android.server.am.ActivityManagerService.computeOomAdjLocked:14816 com.android.server.am.ActivityManagerService.updateOomAdjLocked:15107 com.android.server.am.ActivityManagerService.updateOomAdjLocked:15299 com.android.server.am.ActivityManagerService.updateLruProcessLocked:2175 
W/ContextImpl( 3199): Calling a method in the system process without a qualified user: android.app.ContextImpl.sendBroadcast:1323 com.android.server.am.ActivityManagerService.computeOomAdjLocked:14822 com.android.server.am.ActivityManagerService.updateOomAdjLocked:15107 com.android.server.am.ActivityManagerService.updateOomAdjLocked:15299 com.android.server.am.ActivityManagerService.updateLruProcessLocked:2175 
W/WindowManager( 3199): Rebuild removed 4 windows but added 3
I/SurfaceFlinger( 2459): id=625 Removed TerialConso (3/6)
I/SurfaceFlinger( 2459): id=625 Removed TerialConso (-2/6)
W/WindowManager( 3199): Current app token list:
W/WindowManager( 3199): Final window list:
I/SurfaceFlinger( 2459): id=625 Removed TerialConso (-2/6)
V/WindowManager( 3199): Window{422f1780 u0 Keyguard}mOrientationRequetedFromKeyguard=false
I/SurfaceFlinger( 2459): id=626 Removed terialtest (4/5)
I/SurfaceFlinger( 2459): id=626 Removed terialtest (-2/5)
D/dalvikvm( 3199): GC_EXPLICIT freed 3594K, 16% free 61415K/72352K, paused 5ms+10ms, total 122ms
D/ProgressBar(18945): setProgressDrawable mProgressDrawable = null, d = android.graphics.drawable.LayerDrawable@422cb168needUpdate = false
D/ProgressBar(18945): setProgressDrawable drawableHeight = 48
D/ProgressBar(18945): setProgress = 0
D/ProgressBar(18945): setProgress = 0, fromUser = false
D/ProgressBar(18945): mProgress = 0mIndeterminate = false, mMin = 0, mMax = 100
D/AbsListView(18945): Get MotionRecognitionManager
D/MotionRecognitionService( 3199):  ssp status : true
D/ProgressBar(18945): setProgress = 0
D/ProgressBar(18945): setProgress = 0, fromUser = false
D/ProgressBar(18945): mProgress = 0mIndeterminate = true, mMin = 0, mMax = 100
D/AbsListView(18945): onVisibilityChanged() is called, visibility : 4
D/AbsListView(18945): unregisterIRListener() is called 
D/AbsListView(18945): onVisibilityChanged() is called, visibility : 0
D/AbsListView(18945): unregisterIRListener() is called 
D/DeviceListActivity(18945): Refreshing device list ...
D/AbsListView(18945): unregisterIRListener() is called 
I/endeffect(18945): AbsListView.onMeasure(), getWidth()=0, getHeight()=0, this=android.widget.ListView{422cf800 V.ED.VC. ......I. 0,0-0,0 #7f060004 app:id/deviceList}
I/endeffect(18945): AbsListView.onMeasure(), getWidth()=0, getHeight()=0, this=android.widget.ListView{422cf800 V.ED.VC. ......I. 0,0-0,0 #7f060004 app:id/deviceList}
I/SurfaceFlinger( 2459): id=628(1) createSurf 0x402fbfb4 (1x1),2 flag=404, EeviceListA
V/PhoneStatusBar( 3371): setLightsOn(true)
V/WindowManager( 3199): Window{422f1780 u0 Keyguard}mOrientationRequetedFromKeyguard=false
D/STATUSBAR-StatusBarManagerService( 3199): manageDisableList what=0x0 pkg=WindowManager.LayoutParams
D/PointerIcon( 3199): setHoveringSpenIconStyle1 pointerType: 10001iconType:1 flag:0
D/PointerIcon( 3199): setHoveringSpenCustomIcon IconType is same.1
D/ProgressBar(18945): updateDrawableBounds: left = 0
D/ProgressBar(18945): updateDrawableBounds: top = 0
D/ProgressBar(18945): updateDrawableBounds: right = 1032
D/ProgressBar(18945): updateDrawableBounds: bottom = 48
D/ProgressBar(18945): updateDrawableBounds: mProgressDrawable.setBounds()
D/AbsListView(18945): unregisterIRListener() is called 
I/endeffect(18945): AbsListView.onLayout(), getWidth()=1080, getHeight()=0, this=android.widget.ListView{422cf800 V.ED.VC. ......ID 0,317-1080,317 #7f060004 app:id/deviceList}
D/AbsListView(18945): unregisterIRListener() is called 
W/InputMethodManagerService( 3199): Got RemoteException sending setActive(false) notification to pid 18872 uid 10222
W/ContextImpl( 3199): Calling a method in the system process without a qualified user: android.app.ContextImpl.sendBroadcast:1323 com.android.server.InputMethodManagerService$5.run:2252 java.lang.Thread.run:856 <bottom of call stack> <bottom of call stack> 
I/endeffect(18945): AbsListView.onMeasure(), getWidth()=1080, getHeight()=0, this=android.widget.ListView{422cf800 V.ED.VC. ......I. 0,317-1080,317 #7f060004 app:id/deviceList}
I/power   ( 3199): *** release_dvfs_lock : lockType : 1 
