I/endeffect(18945): AbsListView.onMeasure(), getWidth()=1080, getHeight()=0, this=android.widget.ListView{422cf800 V.ED.VC. ......I. 0,317-1080,317 #7f060004 app:id/deviceList}
D/AbsListView(18945): unregisterIRListener() is called 
I/endeffect(18945): AbsListView.onLayout(), getWidth()=1080, getHeight()=0, this=android.widget.ListView{422cf800 V.ED.VC. ......ID 0,317-1080,317 #7f060004 app:id/deviceList}
D/CustomFrequencyManagerService( 3199): releaseDVFSLockLocked : Getting Lock type frm List : DVFS_MIN_LIMIT  frequency : 1200000  uid : 1000  pid : 3199  tag : ACTIVITY_RESUME_BOOSTER@3
W/ActivityManager( 3199): mDVFSHelper.release()
I/SurfaceFlinger( 2459): id=627 Removed terialtest (3/5)
I/SurfaceFlinger( 2459): id=627 Removed terialtest (-2/5)
I/dumpstate(18905): done
D/UsbHostManager( 3199):  ::: openDevice : /dev/bus/usb/002/075
D/DeviceListActivity(18945): Found usb device: UsbDevice[mName=/dev/bus/usb/002/075,mVendorId=9025,mProductId=63,mClass=2,mSubclass=0,mProtocol=0,mInterfaces=[Landroid.os.Parcelable;@42312768]
D/DeviceListActivity(18945):   + com.hoho.android.usbserial.driver.CdcAcmSerialDriver@42315338
D/DeviceListActivity(18945): Done refreshing, 1 entries found.
I/endeffect(18945): AbsListView.onMeasure(), getWidth()=1080, getHeight()=0, this=android.widget.ListView{422cf800 VFED.VC. .F....ID 0,317-1080,317 #7f060004 app:id/deviceList}
I/endeffect(18945): AbsListView.onMeasure(), getWidth()=1080, getHeight()=0, this=android.widget.ListView{422cf800 VFED.VC. .F....ID 0,317-1080,317 #7f060004 app:id/deviceList}
D/AbsListView(18945): unregisterIRListener() is called 
I/endeffect(18945): AbsListView.onLayout(), getWidth()=1080, getHeight()=192, this=android.widget.ListView{422cf800 VFED.VC. .F....ID 0,317-1080,509 #7f060004 app:id/deviceList}
E/SpannableStringBuilder(18945): SPAN_EXCLUSIVE_EXCLUSIVE spans cannot have a zero length
E/SpannableStringBuilder(18945): SPAN_EXCLUSIVE_EXCLUSIVE spans cannot have a zero length
I/SktDrmDevice( 2463): network_regist : , radiostate : 0
I/SktDrmDevice( 2463): SKTDRM_IsServiceArea : 0
I/Monitor ( 3199): SIOP:: Current AP = 400, CP = 0
D/Monitor ( 3199): SIOPLevel:: Name = Level0, ArmFreq = -1(-1), ArmCoreNum = -1, ChargeCurrent = -1, LCDBrightness = -1, Flash = false, ACL = false, Temp = -1, recordingStop = false, dualRecordingToSingle = false
I/AmoledAdjustTimer( 3199): prevTemp = 315, currTemp = 315, prevStep = 4, currStep = 4
D/DisplayPowerController( 3199): SSTEMP : mIsLockZone = true
D/BatteryService( 3199): update start
D/BatteryService( 3199): level:98, scale:100, status:3, health:2, present:true, voltage: 4190, temperature: 313, technology: Li-ion, AC powered:false, USB powered:false, Wireless powered:false, icon:17303305, invalid charger:0, online:1, charge type:0, current avg:460
D/BatteryService( 3199): Sending ACTION_BATTERY_CHANGED.
D/STATUSBAR-BatteryController( 3371): onReceive() - ACTION_BATTERY_CHANGED
D/STATUSBAR-BatteryController( 3371): onReceive() - BATTERY_STATUS_DISCHARGING: stat_sys_battery
D/STATUSBAR-PhoneStatusBar( 3371): NORMAL_BATTERY
D/UsbHostManager( 3199): onUEvent(device) :: action = remove, devtype = usb_interface, device = /proc/bus/usb/002/075, product = 2341/3f/1, type = 2/0/0, interface = 2/2/1, devpath = /devices/platform/exynos-dwc3.0/exynos-xhci.0/usb2/2-1/2-1.4/2-1.4:1.0
D/UsbHostManager( 3199): onUEvent(device) :: action = remove, devtype = usb_interface, device = /proc/bus/usb/002/075, product = 2341/3f/1, type = 2/0/0, interface = 10/0/0, devpath = /devices/platform/exynos-dwc3.0/exynos-xhci.0/usb2/2-1/2-1.4/2-1.4:1.1
D/usbhost ( 3199): read (wd : 4) 075 (DELETE) (32:16)
D/usbhost ( 3199): watch [r:2][001:3][002:4][003:5][004:-1][005:-1][006:-1][007:-1][008:-1][009:-1]
E/UsbHostManager( 3199): usbDeviceRemoved :: deviceName = /dev/bus/usb/002/075
D/UsbSettingsManager( 3199): usbDeviceRemoved, sending Intent { act=android.hardware.usb.action.USB_DEVICE_DETACHED (has extras) }
D/UsbHostManager( 3199): onUEvent(device) :: action = remove, devtype = usb_interface, device = /proc/bus/usb/002/074, product = 1a40/101/111, type = 9/0/1, interface = 9/0/0, devpath = /devices/platform/exynos-dwc3.0/exynos-xhci.0/usb2/2-1/2-1:1.0
V/UsbHostManager( 3199): USB HOST UEVENT: {SUBSYSTEM=host_notify, STATE=REMOVE, DEVNAME=usb_otg, DEVPATH=/devices/virtual/host_notify/usb_otg, SEQNUM=38950, ACTION=change}
D/usbhost ( 3199): read (wd : 4) 074 (DELETE) (32:16)
D/usbhost ( 3199): watch [r:2][001:3][002:4][003:5][004:-1][005:-1][006:-1][007:-1][008:-1][009:-1]
D/UsbHostManager( 3199): set wakelock timeout 6000
E/UsbHostManager( 3199): usbDeviceRemoved :: deviceName = /dev/bus/usb/002/074
I/LSS-II: ( 3199): proc out:com.sec.android.service.health.sensor,adj=0,i=62
D/UsbHostNotification( 3199): setUsbObserverNotification : notify id = 998563545, device = UsbDevices, title = USB connector disconnected
W/ContextImpl( 3199): Calling a method in the system process without a qualified user: android.app.ContextImpl.sendBroadcast:1337 com.android.server.StatusBarManagerService.sendNotification:179 com.android.server.StatusBarManagerService.addNotification:776 com.android.server.NotificationManagerService.enqueueNotificationInternal:1293 com.android.server.NotificationManagerService.enqueueNotificationWithTag:1145 
I/LSS-II: ( 3199): proc wait in:com.sec.android.app.music:service,adj=11LRU num=64,i=42
D/STATUSBAR-StatusBarManagerService( 3199): sendNotification(1) - 998563545
D/UsbHostNotification( 3199): send the timeout : current  1375263356239, vailed = -1897, displayed = 1375263356136
D/UsbHostNotification( 3199): send the timeout : current  1375263356240, vailed = -1896, displayed = 1375263356136
D/ProgressBar( 3371): setProgressDrawable mProgressDrawable = null, d = android.graphics.drawable.LayerDrawable@438158e0needUpdate = false
D/ProgressBar( 3371): setProgressDrawable drawableHeight = 18
D/ProgressBar( 3371): setProgress = 0
D/ProgressBar( 3371): setProgress = 0, fromUser = false
D/ProgressBar( 3371): mProgress = 0mIndeterminate = false, mMin = 0, mMax = 100
D/DeviceListActivity(18945): Refreshing device list ...
I/endeffect(18945): AbsListView.onMeasure(), getWidth()=1080, getHeight()=192, this=android.widget.ListView{422cf800 VFED.VC. .F....I. 0,317-1080,509 #7f060004 app:id/deviceList}
I/endeffect(18945): AbsListView.onMeasure(), getWidth()=1080, getHeight()=192, this=android.widget.ListView{422cf800 VFED.VC. .F....I. 0,317-1080,509 #7f060004 app:id/deviceList}
D/AbsListView(18945): unregisterIRListener() is called 
I/endeffect(18945): AbsListView.onLayout(), getWidth()=1080, getHeight()=192, this=android.widget.ListView{422cf800 VFED.VC. .F....ID 0,317-1080,509 #7f060004 app:id/deviceList}
D/DisplayPowerController( 3199): SSTEMP : mIsLockZone = false
D/DisplayPowerController( 3199): SSTEMP : mIsLockZone = true
D/DeviceListActivity(18945): Done refreshing, 0 entries found.
I/endeffect(18945): AbsListView.onMeasure(), getWidth()=1080, getHeight()=192, this=android.widget.ListView{422cf800 V.ED.VC. ......ID 0,317-1080,509 #7f060004 app:id/deviceList}
I/endeffect(18945): AbsListView.onMeasure(), getWidth()=1080, getHeight()=192, this=android.widget.ListView{422cf800 V.ED.VC. ......ID 0,317-1080,509 #7f060004 app:id/deviceList}
D/AbsListView(18945): unregisterIRListener() is called 
I/endeffect(18945): AbsListView.onLayout(), getWidth()=1080, getHeight()=0, this=android.widget.ListView{422cf800 V.ED.VC. ......ID 0,317-1080,317 #7f060004 app:id/deviceList}
D/DisplayPowerController( 3199): SSTEMP : mIsLockZone = false
D/UsbHostNotification( 3199): setUsbObserverNotification : cancel id = 998563545, device = UsbDevices
W/ContextImpl( 3199): Calling a method in the system process without a qualified user: android.app.ContextImpl.sendBroadcast:1337 com.android.server.StatusBarManagerService.sendNotification:179 com.android.server.StatusBarManagerService.removeNotification:812 com.android.server.NotificationManagerService.cancelNotificationLocked:1615 com.android.server.NotificationManagerService.cancelNotification:1688 
D/STATUSBAR-StatusBarManagerService( 3199): sendNotification(3) - 998563545
D/LightsService( 3199): [SvcLED] turnOff:: id = 4mIsIDUsingPatternLED = true
D/LightsService( 3199): [SvcLED] setSvcLedStateLocked:: id = 4, color = 0, mode = Off, set = Off
D/LightsService( 3199): [SvcLED] ForcedSvcLEDTask is running.
D/LightsService( 3199): [SvcLED] setSvcLedLightLocked : mSvcLedState : 0x0  priority : 6  mSvcLedMode : 0
V/AlarmManager( 3199): waitForAlarm result :8
V/AlarmManager( 3199): ClockReceiver onReceive() ACTION_TIME_TICK
D/DeviceListActivity(18945): Refreshing device list ...
I/endeffect(18945): AbsListView.onMeasure(), getWidth()=1080, getHeight()=0, this=android.widget.ListView{422cf800 V.ED.VC. ......I. 0,317-1080,317 #7f060004 app:id/deviceList}
I/endeffect(18945): AbsListView.onMeasure(), getWidth()=1080, getHeight()=0, this=android.widget.ListView{422cf800 V.ED.VC. ......I. 0,317-1080,317 #7f060004 app:id/deviceList}
D/AbsListView(18945): unregisterIRListener() is called 
I/endeffect(18945): AbsListView.onLayout(), getWidth()=1080, getHeight()=0, this=android.widget.ListView{422cf800 V.ED.VC. ......ID 0,317-1080,317 #7f060004 app:id/deviceList}
D/BatteryService( 3199): update start
D/BatteryService( 3199): level:97, scale:100, status:2, health:2, present:true, voltage: 4287, temperature: 317, technology: Li-ion, AC powered:false, USB powered:true, Wireless powered:false, icon:17303319, invalid charger:0, online:4, charge type:1, current avg:460
D/BatteryService( 3199): Sending ACTION_BATTERY_CHANGED.
D/UsbDeviceManager( 3199): handleMessage -> MSG_POWER_STATE = 1
D/PowerManagerService( 3199): [api] updateIsPoweredLocked : mIsPowered: true mPlugType: 2
D/STATUSBAR-BatteryController( 3371): onReceive() - ACTION_BATTERY_CHANGED
D/STATUSBAR-BatteryController( 3371): onReceive() - BATTERY_STATUS_CHARGING:
I/CAE     ( 3199): onReceive(CaPowerManager.java:136) - POWER_CONNECTED
D/SensorHubManager( 3199): SendSensorHubData: send data = -76, 13, -42, 0
D/Sensorhubs( 2469): sendContextData: -76, 13, -42, 0
I/CAE     ( 3199): sendCmdToSensorHub(SensorHubCommManager.java:131) - -76, 13, -42, 0, 
D/STATUSBAR-PhoneStatusBar( 3371): NORMAL_BATTERY
I/LSS-II: ( 3199): proc cancel wait in:com.android.chrome,adj=0LRU num=64,i=62
D/PowerUI ( 3371): playSound : 1
D/PowerUI ( 3371): RINGER_MODE_VIBRATE
I/LSS-II: ( 3199): proc wait in:com.sec.android.gallery3d,adj=11LRU num=64,i=41
I/LSS-II: ( 3199): proc in:com.google.android.apps.maps:LocationFriendService,adj=13LRU num=64,i=31
D/SELinux (18985): selinux_knoxprecontexthook:  Calling  selinux_knoxprecontexthook for uid: 1000 isSystemServer: 0 seinfo: platform pkgname com.android.MtpApplication
I/LSS-II: ( 3199): proc wait in:com.android.defcontainer,adj=11LRU num=64,i=43
D/UsbDeviceManager( 3199): sending intent : ACTION_USB_CABLE_STATE : connected = true
E/MTPRx   (18985): In MtpReceiverandroid.intent.action.ACTION_POWER_CONNECTED
E/videowall-TranscodeReceiver( 3297): broadcastMSG : android.intent.action.ACTION_POWER_CONNECTED
I/LSS-II: ( 3199): proc cancel wait in:com.sec.android.app.videoplayer,adj=0LRU num=65,i=63
I/Z0000SLOAD( 3038): ##### REV_146, DATE_2012/08/22 14:32:01
D/videowall-TranscodeService( 3297): service on
D/videowall-TranscodeService( 3297): Music is = false
D/videowall-TranscodeService( 3297): power? : true / screen off : false
D/videowall-TranscodeService( 3297): releaseTransThread.
D/dalvikvm( 3038): GC_CONCURRENT freed 229K, 13% free 17094K/19540K, paused 3ms+2ms, total 18ms
D/dalvikvm( 3038): WAIT_FOR_CONCURRENT_GC blocked 7ms
I/Z0000SLOAD( 3038): isInstalledAgent : true, agentVersion : 1.11
I/Z0000SLOAD( 3038): Domestic : true
W/LicenseLogService( 3199): log() is called by non admin
V/UsbDeviceManager( 3199): USB UEVENT: {USB_STATE=CONNECTED, SUBSYSTEM=android_usb, DEVPATH=/devices/virtual/android_usb/android0, SEQNUM=38953, ACTION=change}
D/UsbDeviceManager( 3199): handleMessage -> MSG_UPDATE_STATE connected = 1,configured = 0
D/UsbDeviceManager( 3199): updateUsbNotification : mConnected = true, mConfigured = false, mCurrentFunctions = mtp,adb
W/ContextImpl( 3199): Calling a method in the system process without a qualified user: android.app.ContextImpl.sendBroadcast:1337 com.android.server.StatusBarManagerService.sendNotification:179 com.android.server.StatusBarManagerService.addNotification:776 com.android.server.NotificationManagerService.enqueueNotificationInternal:1293 com.android.server.NotificationManagerService.enqueueNotificationWithTag:1145 
D/STATUSBAR-StatusBarManagerService( 3199): sendNotification(1) - 17040955
D/UsbDeviceManager( 3199): updateUsbNotification : notify id = 17040955, title = Connected as a media device
E/MTPRx   (18985): In MtpReceiverandroid.hardware.usb.action.USB_STATE
E/MTPRx   (18985): check value of boot_completed is1
E/MTPRx   (18985): check booting is completed_sys.boot_completed
D/UsbDeviceManager( 3199): sending intent : ACTION_USB_STATE : connected = true, configured = false, functions = mtp,adb
E/MTPRx   (18985): Sd-Card path/storage/extSdCard
E/MTPRx   (18985): Status for mount/Unmount :removed
E/MTPRx   (18985): SDcard is not available
E/MTPRx   (18985): The value of first_boot is  1
E/MTPRx   (18985): [ 662] The value of first_boot is  1NORMAL SEQUENCE 
D/ProgressBar( 3371): setProgressDrawable mProgressDrawable = null, d = android.graphics.drawable.LayerDrawable@43972970needUpdate = false
D/ProgressBar( 3371): setProgressDrawable drawableHeight = 18
D/ProgressBar( 3371): setProgress = 0
D/ProgressBar( 3371): setProgress = 0, fromUser = false
D/ProgressBar( 3371): mProgress = 0mIndeterminate = false, mMin = 0, mMax = 100
D/DeviceListActivity(18945): Done refreshing, 0 entries found.
W/MTPRx   (18985): value of connected istrue
W/MTPRx   (18985): value of configured isfalse
W/MTPRx   (18985): value of mtpEnabled istrue
W/MTPRx   (18985): value of ptpEnabled isfalse
E/MTPRx   (18985): Received USB_STATE with sdCardLaunch = 0
E/MTPRx   (18985): configured is false
I/endeffect(18945): AbsListView.onMeasure(), getWidth()=1080, getHeight()=0, this=android.widget.ListView{422cf800 V.ED.VC. ......I. 0,317-1080,317 #7f060004 app:id/deviceList}
I/endeffect(18945): AbsListView.onMeasure(), getWidth()=1080, getHeight()=0, this=android.widget.ListView{422cf800 V.ED.VC. ......I. 0,317-1080,317 #7f060004 app:id/deviceList}
D/AbsListView(18945): unregisterIRListener() is called 
I/endeffect(18945): AbsListView.onLayout(), getWidth()=1080, getHeight()=0, this=android.widget.ListView{422cf800 V.ED.VC. ......ID 0,317-1080,317 #7f060004 app:id/deviceList}
I/LSS-II: ( 3199): proc cancel wait in:com.android.settings,adj=0LRU num=65,i=63
D/TMSERVER/TMNetworkReceiver( 3183): TMNetworkReceiver.TMNetworkReceiver() Enter 1 main
I/LSS-II: ( 3199): proc cancel wait in:com.sec.android.app.tmserver,adj=0LRU num=65,i=62
D/TMSERVER/TMNetworkReceiver( 3183): TMNetworkReceiver.StartTMHandler - enter
D/TMSERVER/TMNetworkReceiver( 3183): TMNetworkReceiver.StartTMHandler - exit
I/LSS-II: ( 3199): proc wait in:com.sec.android.app.controlpanel,adj=11LRU num=65,i=41
D/TMSERVER/TMNetworkReceiver( 3183): TMNetworkReceiver.onReceive() Enter
D/TMSERVER/TMNetworkReceiver( 3183): TMNetworkReceiver.onReceive() Action android.hardware.usb.action.USB_STATE
D/TMSERVER/TMNetworkReceiver( 3183): TMNetworkReceiver.onReceive() on USB - connected:true, configured :false, isUsbCableConnected = false
D/TMSERVER/TMNetworkReceiver( 3183): usbEventReceiver:onReceive(): isUsbCableConnected made to<<<= false
D/TMSERVER/TMNetworkReceiver( 3183): TMNetworkReceiver.onReceive() USB CONNECTED
D/TMSERVER/TMNetworkReceiver( 3183): TMNetworkReceiver.onReceive() usb file content is  major 0 minor 0 vendor 0
D/TMSERVER/TMNetworkReceiver( 3183): TMNetworkReceiver.onReceive() Major Version is: 0
D/TMSERVER/TMNetworkReceiver( 3183): TMNetworkReceiver.onReceive() Minor Version equal to 0
D/TMSERVER/TMNetworkReceiver( 3183): TMNetworkReceiver.onReceive() Retry reading the file..Sysfs might be updated after the Connected signal. counter -0
W/LicenseLogService( 3199): log() is called by non admin
V/UsbDeviceManager( 3199): USB UEVENT: {USB_STATE=CONFIGURED, SUBSYSTEM=android_usb, DEVPATH=/devices/virtual/android_usb/android0, SEQNUM=38954, ACTION=change}
D/UsbDeviceManager( 3199): handleMessage -> MSG_UPDATE_STATE connected = 1,configured = 1
D/UsbDeviceManager( 3199): updateUsbNotification : mConnected = true, mConfigured = true, mCurrentFunctions = mtp,adb
D/UsbDeviceManager( 3199): sending intent : ACTION_USB_STATE : connected = true, configured = true, functions = mtp,adb
D/dalvikvm( 3038): GC_CONCURRENT freed 756K, 14% free 16812K/19540K, paused 2ms+2ms, total 18ms
D/TMSERVER/TMNetworkReceiver( 3183): TMNetworkReceiver.onReceive() usb file content is  major 0 minor 0 vendor 0
D/TMSERVER/TMNetworkReceiver( 3183): TMNetworkReceiver.onReceive() Major Version is: 0
D/TMSERVER/TMNetworkReceiver( 3183): TMNetworkReceiver.onReceive() Minor Version equal to 0
D/TMSERVER/TMNetworkReceiver( 3183): TMNetworkReceiver.onReceive() Retry reading the file..Sysfs might be updated after the Connected signal. counter -1
E/SMD     ( 2455): InvokeOemRequestHookRaw usbstatus true is success
E/SMD     ( 2455): [*] dr_smd_dsr_event_hdlr event received  is received 
E/SMD     ( 2455): data pin is DSR 
E/SMD     ( 2455): DSR pinstatus is ON 
D/TMSERVER/TMNetworkReceiver( 3183): TMNetworkReceiver.onReceive() usb file content is  major 0 minor 0 vendor 0
D/TMSERVER/TMNetworkReceiver( 3183): TMNetworkReceiver.onReceive() Major Version is: 0
D/TMSERVER/TMNetworkReceiver( 3183): TMNetworkReceiver.onReceive() Minor Version equal to 0
D/TMSERVER/TMNetworkReceiver( 3183): TMNetworkReceiver.onReceive() Retry reading the file..Sysfs might be updated after the Connected signal. counter -2
D/TMSERVER/TMNetworkReceiver( 3183): TMNetworkReceiver.onReceive() Exit 
D/TMSERVER/TMNetworkReceiver( 3183): TMNetworkReceiver.handleMessage - enter1 main
D/TMSERVER/TMNetworkReceiver( 3183): TMNetworkReceiver.handleMessage - enter action = 0
D/TMSERVER/TMNetworkReceiver( 3183): TMNetworkReceiver.handleMessage - finsihed case 0 mIsSCMInstalled = false
D/TMSERVER/TMNetworkReceiver( 3183): TMNetworkReceiver.handleMessage - exit
D/TMSERVER/TMLogRemovalReceiver( 3183): TMLogRemovalReceiver.onReceive() Enter isCalled =true
D/TMSERVER/TMLogRemovalReceiver( 3183): TMLogRemovalReceiver.onReceive() Exit
E/MTPRx   (18985): In MtpReceiverandroid.hardware.usb.action.USB_STATE
E/MTPRx   (18985): check value of boot_completed is1
E/MTPRx   (18985): check booting is completed_sys.boot_completed
E/MTPRx   (18985): Sd-Card path/storage/extSdCard
E/MTPRx   (18985): Status for mount/Unmount :removed
E/MTPRx   (18985): SDcard is not available
E/MTPRx   (18985): The value of first_boot is  1
E/MTPRx   (18985): [ 662] The value of first_boot is  1NORMAL SEQUENCE 
W/MTPRx   (18985): value of connected istrue
W/MTPRx   (18985): value of configured istrue
W/MTPRx   (18985): value of mtpEnabled istrue
W/MTPRx   (18985): value of ptpEnabled isfalse
E/MTPRx   (18985): Received USB_STATE with sdCardLaunch = 0
E/MTPRx   (18985): Start observing USB_STATE_MATCH 
D/EnterpriseDeviceManager(18985): ContainerId: 0
W/LicenseLogService( 3199): log() is called by non admin
E/MTPRx   (18985): sending MTP_ICON_ENABLED to stack
W/ContextImpl(18985): Calling a method in the system process without a qualified user: android.app.ContextImpl.startService:1643 android.content.ContextWrapper.startService:457 android.content.ContextWrapper.startService:457 com.android.MtpApplication.MtpReceiver.sendNoti:797 com.android.MtpApplication.MtpReceiver.onReceive:1276 
E/MTPRx   (18985): else part ... so first time!!!
E/MTPPlaObsrvr(18985): inside setContext()
E/MTPPlaObsrvr(18985): playlist count is0
E/MTPPlaObsrvr(18985): Inside registerContentObserver
E/MtpAdbObserver(18985): inside setContext()
E/MtpAdbObserver(18985): Inside registerContentObserver
W/Settings(18985): Setting adb_enabled has moved from android.provider.Settings.System to android.provider.Settings.Global, returning read-only global URI.
W/ContextImpl(18985): Calling a method in the system process without a qualified user: android.app.ContextImpl.startService:1643 android.content.ContextWrapper.startService:457 android.content.ContextWrapper.startService:457 com.android.MtpApplication.MtpReceiver.sendNoti:797 com.android.MtpApplication.MtpReceiver.launchMtpApp:897 
E/MtpService(18985): onCreate.
E/MtpService(18985): < MTP > Registering BroadCast receiver :::::
E/MtpService(18985): < MTP > Registering BroadCast registerBroadCastPolicyRec :::::
E/MtpService(18985): onStartCommand.
W/MTPRx   (18985): calling native method
E/MTPJNIInterface(18985): < MTP > Registering BroadCast receiver :::::
E/MtpService(18985): handleMessage. msg= { what=0 when=-1ms arg1=1 obj=Intent { cmp=com.android.MtpApplication/.MtpService } }
E/MTPJNIInterface(18985): noti = 10
D/MtpService( 3447): addStorageLocked 65537 /storage/emulated/0
E/MtpService(18985): onStartCommand.
W/MTPRx   (18985): calling native method
E/MTPRx   (18985): Checking the driver time out
E/MTPJNIInterface(18985): noti = 2
D/        (18985): event handler thread is created, so set the flag
E/MTPRx   (18985): called native method
E/MTPJNIInterface(18985): Getting media scanner status0
E/MTPJNIInterface(18985): setting Media scanner status0
E/MTPJNIInterface(18985): After setting Media scanner status0
W/MTPRx   (18985): notification from stack 1
E/MtpService(18985): handleMessage. msg= { what=0 when=-6ms arg1=2 obj=Intent { cmp=com.android.MtpApplication/.MtpService } }
E/EnterpriseContainerManager( 3447): ContainerPolicy Service is not yet ready!!!
D/EnterpriseDeviceManager( 3447): ContainerId: 0
D/MtpService( 3447): starting MTP server in MTP mode
D/MediaScanner( 3447): MediaScanner - mSkipList ()
D/MediaScanner( 3447): Constructor set externalStorageSdPath : /storage/extSdCard
E/MtpServerJNI( 3447): could not open MTP driver, errno: 2
D/MtpService( 3447): addStorageLocked 65537 /storage/emulated/0
E/MtpServerJNI( 3447): server is null in add_storage
W/LicenseLogService( 3199): log() is called by non admin
D/TMSERVER/TMNetworkReceiver( 3183): TMNetworkReceiver.TMNetworkReceiver() Enter 1 main
D/TMSERVER/TMNetworkReceiver( 3183): TMNetworkReceiver.StartTMHandler - enter
D/TMSERVER/TMNetworkReceiver( 3183): TMNetworkReceiver.StartTMHandler - exit
D/TMSERVER/TMNetworkReceiver( 3183): TMNetworkReceiver.onReceive() Enter
D/TMSERVER/TMNetworkReceiver( 3183): TMNetworkReceiver.onReceive() Action android.hardware.usb.action.USB_STATE
D/TMSERVER/TMNetworkReceiver( 3183): TMNetworkReceiver.onReceive() on USB - connected:true, configured :true, isUsbCableConnected = false
D/TMSERVER/TMNetworkReceiver( 3183): usbEventReceiver:onReceive(): isUsbCableConnected made to<<<= false
D/TMSERVER/TMNetworkReceiver( 3183): TMNetworkReceiver.onReceive() USB CONNECTED
E/MtpServerJNI( 3447): server is null in run
E/MtpServerJNI( 3447): server is null in cleanup
D/TMSERVER/TMNetworkReceiver( 3183): TMNetworkReceiver.onReceive() usb file content is  major 0 minor 0 vendor 0
D/TMSERVER/TMNetworkReceiver( 3183): TMNetworkReceiver.onReceive() Major Version is: 0
D/TMSERVER/TMNetworkReceiver( 3183): TMNetworkReceiver.onReceive() Minor Version equal to 0
D/TMSERVER/TMNetworkReceiver( 3183): TMNetworkReceiver.onReceive() Retry reading the file..Sysfs might be updated after the Connected signal. counter -0
E/NotificationService( 3199): Ignoring notification with icon==0: Notification(pri=0 contentView=null vibrate=null sound=null defaults=0x0 flags=0x62 kind=[null])
E/NotificationService( 3199): Ignoring notification with icon==0: Notification(pri=0 contentView=null vibrate=null sound=null defaults=0x0 flags=0x62 kind=[null])
I/SktDrmDevice( 2463): network_regist : , radiostate : 0
I/SktDrmDevice( 2463): SKTDRM_IsServiceArea : 0
I/Monitor ( 3199): SIOP:: Current AP = 390, CP = 0
D/Monitor ( 3199): SIOPLevel:: Name = Level0, ArmFreq = -1(-1), ArmCoreNum = -1, ChargeCurrent = -1, LCDBrightness = -1, Flash = false, ACL = false, Temp = -1, recordingStop = false, dualRecordingToSingle = false
I/AmoledAdjustTimer( 3199): prevTemp = 315, currTemp = 317, prevStep = 4, currStep = 4
D/TMSERVER/TMNetworkReceiver( 3183): TMNetworkReceiver.onReceive() usb file content is  major 0 minor 0 vendor 0
D/TMSERVER/TMNetworkReceiver( 3183): TMNetworkReceiver.onReceive() Major Version is: 0
D/TMSERVER/TMNetworkReceiver( 3183): TMNetworkReceiver.onReceive() Minor Version equal to 0
D/TMSERVER/TMNetworkReceiver( 3183): TMNetworkReceiver.onReceive() Retry reading the file..Sysfs might be updated after the Connected signal. counter -1
D/TMSERVER/TMNetworkReceiver( 3183): TMNetworkReceiver.onReceive() usb file content is  major 0 minor 0 vendor 0
D/TMSERVER/TMNetworkReceiver( 3183): TMNetworkReceiver.onReceive() Major Version is: 0
D/TMSERVER/TMNetworkReceiver( 3183): TMNetworkReceiver.onReceive() Minor Version equal to 0
D/TMSERVER/TMNetworkReceiver( 3183): TMNetworkReceiver.onReceive() Retry reading the file..Sysfs might be updated after the Connected signal. counter -2
D/TMSERVER/TMNetworkReceiver( 3183): TMNetworkReceiver.onReceive() Exit 
D/TMSERVER/TMNetworkReceiver( 3183): TMNetworkReceiver.handleMessage - enter action = 0
D/TMSERVER/TMNetworkReceiver( 3183): TMNetworkReceiver.handleMessage - enter1 main
D/TMSERVER/TMNetworkReceiver( 3183): TMNetworkReceiver.handleMessage - finsihed case 0 mIsSCMInstalled = false
D/TMSERVER/TMNetworkReceiver( 3183): TMNetworkReceiver.handleMessage - exit
D/TMSERVER/TMLogRemovalReceiver( 3183): TMLogRemovalReceiver.onReceive() Enter isCalled =true
D/TMSERVER/TMLogRemovalReceiver( 3183): TMLogRemovalReceiver.onReceive() Exit
E/SQLiteLog(18985): (10) Failed to open database file with errno : 2!
E/SQLiteLog(18985): 
E/SQLiteLog(18985): (14) cannot open file at line 32474 of [00bb9c9ce4]
E/SQLiteLog(18985): (14) os_unix.c:32474: (2) open(/opt/dbspace/inappdb_mtp) - 
E/MTPJNIInterface(18985): DeviceName is Quad.S4.a ICSL (SHV-E3
E/MTPJNIInterface(18985): Status for mount/Unmount :removed
E/MTPJNIInterface(18985): SDcard is not available
E/MTPJNIInterface(18985): Status for mount/Unmount :removed
E/MTPJNIInterface(18985): SDcard is not available
E/MTPJNIInterface(18985): Status for mount/Unmount :removed
E/MTPJNIInterface(18985): SDcard is not available
E/MTPJNIInterface(18985): Status for mount/Unmount :bad_removal
E/MTPJNIInterface(18985): SDcard is not available
D/        (18985): written string DATA_STORE_ID into file /data/hidden_volume.txt 
D/        (18985):  
D/        (18985): written string CACHE_STORE_ID into file /cache/hidden_volume.txt 
D/        (18985):  
E/MTPJNIInterface(18985): Status for mount/Unmount :removed
E/MTPJNIInterface(18985): SDcard is not available
E/SQLiteLog(18985): (21) API call with unopened database connection pointer
E/SQLiteLog(18985): (21) misuse at line 96726 of [00bb9c9ce4]
E/SQLiteLog(18985): (21) API call with unopened database connection pointer
E/SQLiteLog(18985): (21) misuse at line 93202 of [00bb9c9ce4]
E/SQLiteLog(18985): (21) API call with unopened database connection pointer
E/SQLiteLog(18985): (21) misuse at line 93202 of [00bb9c9ce4]
E/SQLiteLog(18985): (21) API call with unopened database connection pointer
E/SQLiteLog(18985): (21) misuse at line 96726 of [00bb9c9ce4]
W/MTPRx   (18985): notification from stack 2
D/        (18985): [mtp_init_device] Going to open(): /dev/usb_mtp_gadget
E/        (18985): [mtp_init_device]  After open the MTP fd = 49 and line = 663...
D/        (18985): [mtp_init_device] IOCTL SET_MTP_USER_PID Sucesss 
D/        (18985): *****Starting mtp_io()
D/        (18985): [mtp_start_io] source_thread Creation 
W/MTPRx   (18985): notification from stack 3
D/        (18985): [mtp_start_io] sink_thread Creation 
D/        (18985): [mtp_start_io:359] sink thread created so set th_sink
E/Watchdog( 3199): !@Sync 1365
D/DeviceListActivity(18945): Refreshing device list ...
I/endeffect(18945): AbsListView.onMeasure(), getWidth()=1080, getHeight()=0, this=android.widget.ListView{422cf800 V.ED.VC. ......I. 0,317-1080,317 #7f060004 app:id/deviceList}
I/endeffect(18945): AbsListView.onMeasure(), getWidth()=1080, getHeight()=0, this=android.widget.ListView{422cf800 V.ED.VC. ......I. 0,317-1080,317 #7f060004 app:id/deviceList}
D/AbsListView(18945): unregisterIRListener() is called 
I/endeffect(18945): AbsListView.onLayout(), getWidth()=1080, getHeight()=0, this=android.widget.ListView{422cf800 V.ED.VC. ......ID 0,317-1080,317 #7f060004 app:id/deviceList}
